
===========================================================================
report_checks -unconstrained
===========================================================================
======================= Fastest Corner ===================================

Startpoint: reset (input port clocked by clk)
Endpoint: _13325_ (recovery check against rising-edge clock clk)
Path Group: asynchronous
Path Type: max
Corner: Fastest

Fanout     Cap    Slew   Delay    Time   Description
-----------------------------------------------------------------------------
                          0.00    0.00   clock clk (rise edge)
                          0.00    0.00   clock network delay (propagated)
                          4.00    4.00 v input external delay
                  0.08    0.06    4.06 v reset (in)
     5    0.05                           reset (net)
                  0.08    0.00    4.06 v _11871_/A (sky130_fd_sc_hd__buf_4)
                  0.07    0.16    4.22 v _11871_/X (sky130_fd_sc_hd__buf_4)
    10    0.07                           _05898_ (net)
                  0.07    0.00    4.22 v _12203_/A (sky130_fd_sc_hd__inv_2)
                  0.03    0.05    4.27 ^ _12203_/Y (sky130_fd_sc_hd__inv_2)
     1    0.00                           _00002_ (net)
                  0.03    0.00    4.27 ^ _13325_/RESET_B (sky130_fd_sc_hd__dfrtp_4)
                                  4.27   data arrival time

                         20.00   20.00   clock clk (rise edge)
                          0.00   20.00   clock source latency
                  0.29    0.19   20.19 ^ clk (in)
     2    0.09                           clk (net)
                  0.29    0.00   20.19 ^ clkbuf_0_clk/A (sky130_fd_sc_hd__clkbuf_16)
                  0.27    0.28   20.47 ^ clkbuf_0_clk/X (sky130_fd_sc_hd__clkbuf_16)
    16    0.34                           clknet_0_clk (net)
                  0.27    0.01   20.48 ^ clkbuf_4_12_0_clk/A (sky130_fd_sc_hd__clkbuf_8)
                  0.14    0.20   20.68 ^ clkbuf_4_12_0_clk/X (sky130_fd_sc_hd__clkbuf_8)
     7    0.10                           clknet_4_12_0_clk (net)
                  0.14    0.00   20.68 ^ _13325_/CLK (sky130_fd_sc_hd__dfrtp_4)
                         -0.25   20.43   clock uncertainty
                          0.00   20.43   clock reconvergence pessimism
                          0.15   20.58   library recovery time
                                 20.58   data required time
-----------------------------------------------------------------------------
                                 20.58   data required time
                                 -4.27   data arrival time
-----------------------------------------------------------------------------
                                 16.31   slack (MET)


Startpoint: Instr[21] (input port clocked by clk)
Endpoint: DataAdr[0] (output port clocked by clk)
Path Group: clk
Path Type: max
Corner: Fastest

Fanout     Cap    Slew   Delay    Time   Description
-----------------------------------------------------------------------------
                          0.00    0.00   clock clk (rise edge)
                          0.00    0.00   clock network delay (propagated)
                          4.00    4.00 ^ input external delay
                  0.47    0.36    4.36 ^ Instr[21] (in)
     9    0.14                           Instr[21] (net)
                  0.48    0.00    4.36 ^ _06179_/A (sky130_fd_sc_hd__buf_4)
                  0.17    0.21    4.57 ^ _06179_/X (sky130_fd_sc_hd__buf_4)
    10    0.08                           _01103_ (net)
                  0.17    0.00    4.57 ^ _06609_/A (sky130_fd_sc_hd__clkbuf_8)
                  0.20    0.24    4.81 ^ _06609_/X (sky130_fd_sc_hd__clkbuf_8)
    10    0.15                           _01530_ (net)
                  0.20    0.01    4.82 ^ _06610_/A (sky130_fd_sc_hd__buf_6)
                  0.27    0.25    5.07 ^ _06610_/X (sky130_fd_sc_hd__buf_6)
    14    0.18                           _01531_ (net)
                  0.27    0.02    5.09 ^ _08919_/A (sky130_fd_sc_hd__clkbuf_4)
                  0.16    0.24    5.33 ^ _08919_/X (sky130_fd_sc_hd__clkbuf_4)
    10    0.07                           _03840_ (net)
                  0.16    0.01    5.34 ^ _08929_/B1 (sky130_fd_sc_hd__o21ai_1)
                  0.06    0.04    5.37 v _08929_/Y (sky130_fd_sc_hd__o21ai_1)
     1    0.00                           _03850_ (net)
                  0.06    0.00    5.37 v _08932_/A2 (sky130_fd_sc_hd__o211ai_1)
                  0.14    0.15    5.52 ^ _08932_/Y (sky130_fd_sc_hd__o211ai_1)
     1    0.01                           _03853_ (net)
                  0.14    0.00    5.52 ^ _08933_/B1 (sky130_fd_sc_hd__o211ai_1)
                  0.06    0.05    5.58 v _08933_/Y (sky130_fd_sc_hd__o211ai_1)
     1    0.00                           _03854_ (net)
                  0.06    0.00    5.58 v _08934_/B (sky130_fd_sc_hd__nand3_1)
                  0.14    0.14    5.72 ^ _08934_/Y (sky130_fd_sc_hd__nand3_1)
     1    0.02                           _03855_ (net)
                  0.14    0.00    5.72 ^ _08958_/B1 (sky130_fd_sc_hd__o211a_4)
                  0.23    0.25    5.97 ^ _08958_/X (sky130_fd_sc_hd__o211a_4)
     2    0.10                           WriteData[25] (net)
                  0.24    0.00    5.97 ^ _08959_/B (sky130_fd_sc_hd__nand2_1)
                  0.07    0.07    6.05 v _08959_/Y (sky130_fd_sc_hd__nand2_1)
     3    0.01                           _03879_ (net)
                  0.07    0.00    6.05 v _08961_/C (sky130_fd_sc_hd__and3_1)
                  0.05    0.16    6.21 v _08961_/X (sky130_fd_sc_hd__and3_1)
     3    0.01                           _03881_ (net)
                  0.05    0.00    6.21 v _08989_/C (sky130_fd_sc_hd__or3_2)
                  0.07    0.28    6.49 v _08989_/X (sky130_fd_sc_hd__or3_2)
     4    0.01                           _03909_ (net)
                  0.07    0.00    6.49 v _09137_/A1 (sky130_fd_sc_hd__a21boi_1)
                  0.16    0.16    6.65 ^ _09137_/Y (sky130_fd_sc_hd__a21boi_1)
     2    0.01                           _04057_ (net)
                  0.16    0.00    6.65 ^ _09138_/B2 (sky130_fd_sc_hd__a221o_1)
                  0.10    0.15    6.80 ^ _09138_/X (sky130_fd_sc_hd__a221o_1)
     1    0.01                           _04058_ (net)
                  0.10    0.00    6.80 ^ _09139_/B1 (sky130_fd_sc_hd__a31oi_4)
                  0.11    0.05    6.85 v _09139_/Y (sky130_fd_sc_hd__a31oi_4)
     5    0.03                           _04059_ (net)
                  0.11    0.00    6.85 v _09140_/B2 (sky130_fd_sc_hd__o22ai_4)
                  0.14    0.15    7.00 ^ _09140_/Y (sky130_fd_sc_hd__o22ai_4)
     2    0.02                           _04060_ (net)
                  0.14    0.00    7.00 ^ _09143_/A (sky130_fd_sc_hd__nand2_4)
                  0.07    0.07    7.07 v _09143_/Y (sky130_fd_sc_hd__nand2_4)
     4    0.03                           _04063_ (net)
                  0.07    0.00    7.07 v _09200_/A2_N (sky130_fd_sc_hd__o2bb2ai_4)
                  0.06    0.10    7.17 v _09200_/Y (sky130_fd_sc_hd__o2bb2ai_4)
     2    0.02                           _04119_ (net)
                  0.07    0.00    7.17 v _09211_/A2 (sky130_fd_sc_hd__a21oi_4)
                  0.26    0.26    7.43 ^ _09211_/Y (sky130_fd_sc_hd__a21oi_4)
     2    0.05                           _04130_ (net)
                  0.26    0.00    7.43 ^ _09518_/A (sky130_fd_sc_hd__inv_2)
                  0.10    0.09    7.52 v _09518_/Y (sky130_fd_sc_hd__inv_2)
     1    0.04                           DataAdr[0] (net)
                  0.10    0.00    7.52 v DataAdr[0] (out)
                                  7.52   data arrival time

                         20.00   20.00   clock clk (rise edge)
                          0.00   20.00   clock network delay (propagated)
                         -0.25   19.75   clock uncertainty
                          0.00   19.75   clock reconvergence pessimism
                         -4.00   15.75   output external delay
                                 15.75   data required time
-----------------------------------------------------------------------------
                                 15.75   data required time
                                 -7.52   data arrival time
-----------------------------------------------------------------------------
                                  8.23   slack (MET)



======================= Slowest Corner ===================================

Startpoint: reset (input port clocked by clk)
Endpoint: _13325_ (recovery check against rising-edge clock clk)
Path Group: asynchronous
Path Type: max
Corner: Slowest

Fanout     Cap    Slew   Delay    Time   Description
-----------------------------------------------------------------------------
                          0.00    0.00   clock clk (rise edge)
                          0.00    0.00   clock network delay (propagated)
                          4.00    4.00 v input external delay
                  0.21    0.16    4.16 v reset (in)
     5    0.05                           reset (net)
                  0.21    0.00    4.16 v _11871_/A (sky130_fd_sc_hd__buf_4)
                  0.17    0.45    4.61 v _11871_/X (sky130_fd_sc_hd__buf_4)
    10    0.07                           _05898_ (net)
                  0.17    0.00    4.61 v _12203_/A (sky130_fd_sc_hd__inv_2)
                  0.06    0.11    4.72 ^ _12203_/Y (sky130_fd_sc_hd__inv_2)
     1    0.00                           _00002_ (net)
                  0.06    0.00    4.72 ^ _13325_/RESET_B (sky130_fd_sc_hd__dfrtp_4)
                                  4.72   data arrival time

                         20.00   20.00   clock clk (rise edge)
                          0.00   20.00   clock source latency
                  0.61    0.41   20.41 ^ clk (in)
     2    0.09                           clk (net)
                  0.61    0.00   20.41 ^ clkbuf_0_clk/A (sky130_fd_sc_hd__clkbuf_16)
                  0.52    0.75   21.16 ^ clkbuf_0_clk/X (sky130_fd_sc_hd__clkbuf_16)
    16    0.34                           clknet_0_clk (net)
                  0.52    0.01   21.17 ^ clkbuf_4_12_0_clk/A (sky130_fd_sc_hd__clkbuf_8)
                  0.28    0.56   21.72 ^ clkbuf_4_12_0_clk/X (sky130_fd_sc_hd__clkbuf_8)
     7    0.10                           clknet_4_12_0_clk (net)
                  0.28    0.00   21.72 ^ _13325_/CLK (sky130_fd_sc_hd__dfrtp_4)
                         -0.25   21.47   clock uncertainty
                          0.00   21.47   clock reconvergence pessimism
                          0.52   21.99   library recovery time
                                 21.99   data required time
-----------------------------------------------------------------------------
                                 21.99   data required time
                                 -4.72   data arrival time
-----------------------------------------------------------------------------
                                 17.27   slack (MET)


Startpoint: Instr[21] (input port clocked by clk)
Endpoint: DataAdr[0] (output port clocked by clk)
Path Group: clk
Path Type: max
Corner: Slowest

Fanout     Cap    Slew   Delay    Time   Description
-----------------------------------------------------------------------------
                          0.00    0.00   clock clk (rise edge)
                          0.00    0.00   clock network delay (propagated)
                          4.00    4.00 ^ input external delay
                  1.01    0.75    4.75 ^ Instr[21] (in)
     9    0.14                           Instr[21] (net)
                  1.01    0.00    4.75 ^ _06179_/A (sky130_fd_sc_hd__buf_4)
                  0.35    0.79    5.54 ^ _06179_/X (sky130_fd_sc_hd__buf_4)
    10    0.08                           _01103_ (net)
                  0.36    0.00    5.54 ^ _06609_/A (sky130_fd_sc_hd__clkbuf_8)
                  0.40    0.63    6.17 ^ _06609_/X (sky130_fd_sc_hd__clkbuf_8)
    10    0.15                           _01530_ (net)
                  0.40    0.01    6.18 ^ _06610_/A (sky130_fd_sc_hd__buf_6)
                  0.55    0.69    6.87 ^ _06610_/X (sky130_fd_sc_hd__buf_6)
    14    0.18                           _01531_ (net)
                  0.55    0.02    6.88 ^ _08919_/A (sky130_fd_sc_hd__clkbuf_4)
                  0.33    0.69    7.57 ^ _08919_/X (sky130_fd_sc_hd__clkbuf_4)
    10    0.07                           _03840_ (net)
                  0.33    0.01    7.58 ^ _08929_/B1 (sky130_fd_sc_hd__o21ai_1)
                  0.13    0.24    7.82 v _08929_/Y (sky130_fd_sc_hd__o21ai_1)
     1    0.00                           _03850_ (net)
                  0.13    0.00    7.82 v _08932_/A2 (sky130_fd_sc_hd__o211ai_1)
                  0.33    0.38    8.20 ^ _08932_/Y (sky130_fd_sc_hd__o211ai_1)
     1    0.01                           _03853_ (net)
                  0.33    0.00    8.20 ^ _08933_/B1 (sky130_fd_sc_hd__o211ai_1)
                  0.19    0.31    8.52 v _08933_/Y (sky130_fd_sc_hd__o211ai_1)
     1    0.00                           _03854_ (net)
                  0.19    0.00    8.52 v _08934_/B (sky130_fd_sc_hd__nand3_1)
                  0.30    0.35    8.87 ^ _08934_/Y (sky130_fd_sc_hd__nand3_1)
     1    0.02                           _03855_ (net)
                  0.30    0.00    8.87 ^ _08958_/B1 (sky130_fd_sc_hd__o211a_4)
                  0.49    0.78    9.65 ^ _08958_/X (sky130_fd_sc_hd__o211a_4)
     2    0.10                           WriteData[25] (net)
                  0.49    0.00    9.65 ^ _08959_/B (sky130_fd_sc_hd__nand2_1)
                  0.18    0.34    9.99 v _08959_/Y (sky130_fd_sc_hd__nand2_1)
     3    0.01                           _03879_ (net)
                  0.18    0.00    9.99 v _08961_/C (sky130_fd_sc_hd__and3_1)
                  0.14    0.52   10.51 v _08961_/X (sky130_fd_sc_hd__and3_1)
     3    0.01                           _03881_ (net)
                  0.14    0.00   10.51 v _08989_/C (sky130_fd_sc_hd__or3_2)
                  0.21    1.14   11.65 v _08989_/X (sky130_fd_sc_hd__or3_2)
     4    0.01                           _03909_ (net)
                  0.21    0.00   11.65 v _09137_/A1 (sky130_fd_sc_hd__a21boi_1)
                  0.36    0.43   12.08 ^ _09137_/Y (sky130_fd_sc_hd__a21boi_1)
     2    0.01                           _04057_ (net)
                  0.36    0.00   12.08 ^ _09138_/B2 (sky130_fd_sc_hd__a221o_1)
                  0.22    0.51   12.59 ^ _09138_/X (sky130_fd_sc_hd__a221o_1)
     1    0.01                           _04058_ (net)
                  0.22    0.00   12.59 ^ _09139_/B1 (sky130_fd_sc_hd__a31oi_4)
                  0.30    0.18   12.77 v _09139_/Y (sky130_fd_sc_hd__a31oi_4)
     5    0.03                           _04059_ (net)
                  0.30    0.00   12.77 v _09140_/B2 (sky130_fd_sc_hd__o22ai_4)
                  0.35    0.37   13.15 ^ _09140_/Y (sky130_fd_sc_hd__o22ai_4)
     2    0.02                           _04060_ (net)
                  0.35    0.00   13.15 ^ _09143_/A (sky130_fd_sc_hd__nand2_4)
                  0.18    0.27   13.42 v _09143_/Y (sky130_fd_sc_hd__nand2_4)
     4    0.03                           _04063_ (net)
                  0.18    0.00   13.42 v _09200_/A2_N (sky130_fd_sc_hd__o2bb2ai_4)
                  0.14    0.32   13.74 v _09200_/Y (sky130_fd_sc_hd__o2bb2ai_4)
     2    0.02                           _04119_ (net)
                  0.14    0.00   13.74 v _09211_/A2 (sky130_fd_sc_hd__a21oi_4)
                  0.55    0.60   14.34 ^ _09211_/Y (sky130_fd_sc_hd__a21oi_4)
     2    0.05                           _04130_ (net)
                  0.55    0.00   14.34 ^ _09518_/A (sky130_fd_sc_hd__inv_2)
                  0.21    0.38   14.71 v _09518_/Y (sky130_fd_sc_hd__inv_2)
     1    0.04                           DataAdr[0] (net)
                  0.21    0.00   14.72 v DataAdr[0] (out)
                                 14.72   data arrival time

                         20.00   20.00   clock clk (rise edge)
                          0.00   20.00   clock network delay (propagated)
                         -0.25   19.75   clock uncertainty
                          0.00   19.75   clock reconvergence pessimism
                         -4.00   15.75   output external delay
                                 15.75   data required time
-----------------------------------------------------------------------------
                                 15.75   data required time
                                -14.72   data arrival time
-----------------------------------------------------------------------------
                                  1.03   slack (MET)



======================= Typical Corner ===================================

Startpoint: reset (input port clocked by clk)
Endpoint: _13325_ (recovery check against rising-edge clock clk)
Path Group: asynchronous
Path Type: max
Corner: Typical

Fanout     Cap    Slew   Delay    Time   Description
-----------------------------------------------------------------------------
                          0.00    0.00   clock clk (rise edge)
                          0.00    0.00   clock network delay (propagated)
                          4.00    4.00 v input external delay
                  0.11    0.08    4.08 v reset (in)
     5    0.05                           reset (net)
                  0.11    0.00    4.08 v _11871_/A (sky130_fd_sc_hd__buf_4)
                  0.09    0.24    4.32 v _11871_/X (sky130_fd_sc_hd__buf_4)
    10    0.07                           _05898_ (net)
                  0.09    0.00    4.33 v _12203_/A (sky130_fd_sc_hd__inv_2)
                  0.04    0.07    4.39 ^ _12203_/Y (sky130_fd_sc_hd__inv_2)
     1    0.00                           _00002_ (net)
                  0.04    0.00    4.39 ^ _13325_/RESET_B (sky130_fd_sc_hd__dfrtp_4)
                                  4.39   data arrival time

                         20.00   20.00   clock clk (rise edge)
                          0.00   20.00   clock source latency
                  0.39    0.26   20.26 ^ clk (in)
     2    0.09                           clk (net)
                  0.39    0.00   20.26 ^ clkbuf_0_clk/A (sky130_fd_sc_hd__clkbuf_16)
                  0.35    0.41   20.67 ^ clkbuf_0_clk/X (sky130_fd_sc_hd__clkbuf_16)
    16    0.34                           clknet_0_clk (net)
                  0.35    0.01   20.68 ^ clkbuf_4_12_0_clk/A (sky130_fd_sc_hd__clkbuf_8)
                  0.18    0.30   20.98 ^ clkbuf_4_12_0_clk/X (sky130_fd_sc_hd__clkbuf_8)
     7    0.10                           clknet_4_12_0_clk (net)
                  0.18    0.00   20.99 ^ _13325_/CLK (sky130_fd_sc_hd__dfrtp_4)
                         -0.25   20.74   clock uncertainty
                          0.00   20.74   clock reconvergence pessimism
                          0.26   21.00   library recovery time
                                 21.00   data required time
-----------------------------------------------------------------------------
                                 21.00   data required time
                                 -4.39   data arrival time
-----------------------------------------------------------------------------
                                 16.60   slack (MET)


Startpoint: Instr[21] (input port clocked by clk)
Endpoint: DataAdr[0] (output port clocked by clk)
Path Group: clk
Path Type: max
Corner: Typical

Fanout     Cap    Slew   Delay    Time   Description
-----------------------------------------------------------------------------
                          0.00    0.00   clock clk (rise edge)
                          0.00    0.00   clock network delay (propagated)
                          4.00    4.00 ^ input external delay
                  0.63    0.47    4.47 ^ Instr[21] (in)
     9    0.14                           Instr[21] (net)
                  0.63    0.00    4.47 ^ _06179_/A (sky130_fd_sc_hd__buf_4)
                  0.22    0.38    4.85 ^ _06179_/X (sky130_fd_sc_hd__buf_4)
    10    0.08                           _01103_ (net)
                  0.22    0.00    4.86 ^ _06609_/A (sky130_fd_sc_hd__clkbuf_8)
                  0.26    0.36    5.22 ^ _06609_/X (sky130_fd_sc_hd__clkbuf_8)
    10    0.15                           _01530_ (net)
                  0.26    0.01    5.22 ^ _06610_/A (sky130_fd_sc_hd__buf_6)
                  0.35    0.38    5.61 ^ _06610_/X (sky130_fd_sc_hd__buf_6)
    14    0.18                           _01531_ (net)
                  0.35    0.02    5.62 ^ _08919_/A (sky130_fd_sc_hd__clkbuf_4)
                  0.21    0.37    5.99 ^ _08919_/X (sky130_fd_sc_hd__clkbuf_4)
    10    0.07                           _03840_ (net)
                  0.21    0.01    6.00 ^ _08929_/B1 (sky130_fd_sc_hd__o21ai_1)
                  0.08    0.11    6.11 v _08929_/Y (sky130_fd_sc_hd__o21ai_1)
     1    0.00                           _03850_ (net)
                  0.08    0.00    6.11 v _08932_/A2 (sky130_fd_sc_hd__o211ai_1)
                  0.20    0.22    6.33 ^ _08932_/Y (sky130_fd_sc_hd__o211ai_1)
     1    0.01                           _03853_ (net)
                  0.20    0.00    6.33 ^ _08933_/B1 (sky130_fd_sc_hd__o211ai_1)
                  0.10    0.13    6.46 v _08933_/Y (sky130_fd_sc_hd__o211ai_1)
     1    0.00                           _03854_ (net)
                  0.10    0.00    6.46 v _08934_/B (sky130_fd_sc_hd__nand3_1)
                  0.18    0.20    6.66 ^ _08934_/Y (sky130_fd_sc_hd__nand3_1)
     1    0.02                           _03855_ (net)
                  0.18    0.00    6.66 ^ _08958_/B1 (sky130_fd_sc_hd__o211a_4)
                  0.31    0.41    7.07 ^ _08958_/X (sky130_fd_sc_hd__o211a_4)
     2    0.10                           WriteData[25] (net)
                  0.31    0.00    7.08 ^ _08959_/B (sky130_fd_sc_hd__nand2_1)
                  0.10    0.15    7.23 v _08959_/Y (sky130_fd_sc_hd__nand2_1)
     3    0.01                           _03879_ (net)
                  0.10    0.00    7.23 v _08961_/C (sky130_fd_sc_hd__and3_1)
                  0.07    0.25    7.48 v _08961_/X (sky130_fd_sc_hd__and3_1)
     3    0.01                           _03881_ (net)
                  0.07    0.00    7.48 v _08989_/C (sky130_fd_sc_hd__or3_2)
                  0.11    0.48    7.96 v _08989_/X (sky130_fd_sc_hd__or3_2)
     4    0.01                           _03909_ (net)
                  0.11    0.00    7.96 v _09137_/A1 (sky130_fd_sc_hd__a21boi_1)
                  0.22    0.24    8.20 ^ _09137_/Y (sky130_fd_sc_hd__a21boi_1)
     2    0.01                           _04057_ (net)
                  0.22    0.00    8.20 ^ _09138_/B2 (sky130_fd_sc_hd__a221o_1)
                  0.13    0.25    8.45 ^ _09138_/X (sky130_fd_sc_hd__a221o_1)
     1    0.01                           _04058_ (net)
                  0.13    0.00    8.46 ^ _09139_/B1 (sky130_fd_sc_hd__a31oi_4)
                  0.16    0.09    8.54 v _09139_/Y (sky130_fd_sc_hd__a31oi_4)
     5    0.03                           _04059_ (net)
                  0.16    0.00    8.55 v _09140_/B2 (sky130_fd_sc_hd__o22ai_4)
                  0.22    0.21    8.76 ^ _09140_/Y (sky130_fd_sc_hd__o22ai_4)
     2    0.02                           _04060_ (net)
                  0.22    0.00    8.76 ^ _09143_/A (sky130_fd_sc_hd__nand2_4)
                  0.10    0.13    8.88 v _09143_/Y (sky130_fd_sc_hd__nand2_4)
     4    0.03                           _04063_ (net)
                  0.10    0.00    8.89 v _09200_/A2_N (sky130_fd_sc_hd__o2bb2ai_4)
                  0.09    0.17    9.05 v _09200_/Y (sky130_fd_sc_hd__o2bb2ai_4)
     2    0.02                           _04119_ (net)
                  0.09    0.00    9.05 v _09211_/A2 (sky130_fd_sc_hd__a21oi_4)
                  0.35    0.36    9.42 ^ _09211_/Y (sky130_fd_sc_hd__a21oi_4)
     2    0.05                           _04130_ (net)
                  0.35    0.00    9.42 ^ _09518_/A (sky130_fd_sc_hd__inv_2)
                  0.14    0.18    9.60 v _09518_/Y (sky130_fd_sc_hd__inv_2)
     1    0.04                           DataAdr[0] (net)
                  0.14    0.00    9.60 v DataAdr[0] (out)
                                  9.60   data arrival time

                         20.00   20.00   clock clk (rise edge)
                          0.00   20.00   clock network delay (propagated)
                         -0.25   19.75   clock uncertainty
                          0.00   19.75   clock reconvergence pessimism
                         -4.00   15.75   output external delay
                                 15.75   data required time
-----------------------------------------------------------------------------
                                 15.75   data required time
                                 -9.60   data arrival time
-----------------------------------------------------------------------------
                                  6.15   slack (MET)




===========================================================================
report_checks --slack_max -0.01
============================================================================
======================= Fastest Corner ===================================

No paths found.

======================= Slowest Corner ===================================

No paths found.

======================= Typical Corner ===================================

No paths found.


===========================================================================
 report_check_types -max_slew -max_cap -max_fanout -violators
============================================================================
======================= Fastest Corner ===================================

max fanout

Pin                                   Limit Fanout  Slack
---------------------------------------------------------
_06774_/X                                10     17     -7 (VIOLATED)
_06859_/X                                10     17     -7 (VIOLATED)
_06324_/X                                10     16     -6 (VIOLATED)
_06646_/X                                10     16     -6 (VIOLATED)
clkbuf_0_clk/X                           10     16     -6 (VIOLATED)
_06592_/X                                10     15     -5 (VIOLATED)
_06754_/X                                10     15     -5 (VIOLATED)
_10260_/X                                10     15     -5 (VIOLATED)
_10665_/X                                10     15     -5 (VIOLATED)
_06597_/X                                10     14     -4 (VIOLATED)
_06610_/X                                10     14     -4 (VIOLATED)
_06682_/X                                10     14     -4 (VIOLATED)
_06737_/X                                10     14     -4 (VIOLATED)
_10367_/X                                10     14     -4 (VIOLATED)
_10405_/X                                10     14     -4 (VIOLATED)
clkbuf_leaf_115_clk/X                    10     14     -4 (VIOLATED)
clkbuf_leaf_141_clk/X                    10     14     -4 (VIOLATED)
clkbuf_leaf_48_clk/X                     10     14     -4 (VIOLATED)
_06224_/X                                10     13     -3 (VIOLATED)
_06332_/X                                10     13     -3 (VIOLATED)
_06505_/X                                10     13     -3 (VIOLATED)
_06578_/X                                10     13     -3 (VIOLATED)
_06599_/X                                10     13     -3 (VIOLATED)
_06842_/X                                10     13     -3 (VIOLATED)
_07084_/X                                10     13     -3 (VIOLATED)
_07367_/X                                10     13     -3 (VIOLATED)
_09534_/Y                                10     13     -3 (VIOLATED)
_10216_/X                                10     13     -3 (VIOLATED)
_12029_/X                                10     13     -3 (VIOLATED)
clkbuf_4_9_0_clk/X                       10     13     -3 (VIOLATED)
clkbuf_leaf_114_clk/X                    10     13     -3 (VIOLATED)
clkbuf_leaf_140_clk/X                    10     13     -3 (VIOLATED)
clkbuf_leaf_142_clk/X                    10     13     -3 (VIOLATED)
clkbuf_leaf_143_clk/X                    10     13     -3 (VIOLATED)
clkbuf_leaf_34_clk/X                     10     13     -3 (VIOLATED)
clkbuf_leaf_36_clk/X                     10     13     -3 (VIOLATED)
clkbuf_leaf_52_clk/X                     10     13     -3 (VIOLATED)
ReadData[0]                              10     12     -2 (VIOLATED)
_06173_/X                                10     12     -2 (VIOLATED)
_06292_/X                                10     12     -2 (VIOLATED)
_06512_/X                                10     12     -2 (VIOLATED)
_06516_/X                                10     12     -2 (VIOLATED)
_06674_/X                                10     12     -2 (VIOLATED)
_06684_/X                                10     12     -2 (VIOLATED)
_06690_/X                                10     12     -2 (VIOLATED)
_06739_/X                                10     12     -2 (VIOLATED)
_06786_/X                                10     12     -2 (VIOLATED)
_06805_/X                                10     12     -2 (VIOLATED)
_06907_/X                                10     12     -2 (VIOLATED)
_06941_/X                                10     12     -2 (VIOLATED)
_06956_/X                                10     12     -2 (VIOLATED)
_07109_/X                                10     12     -2 (VIOLATED)
_10025_/X                                10     12     -2 (VIOLATED)
_11069_/X                                10     12     -2 (VIOLATED)
_11128_/X                                10     12     -2 (VIOLATED)
_11621_/X                                10     12     -2 (VIOLATED)
clkbuf_leaf_101_clk/X                    10     12     -2 (VIOLATED)
clkbuf_leaf_2_clk/X                      10     12     -2 (VIOLATED)
clkbuf_leaf_67_clk/X                     10     12     -2 (VIOLATED)
Instr[8]                                 10     11        (VIOLATED)
ReadData[5]                              10     11        (VIOLATED)
_06295_/X                                10     11        (VIOLATED)
_06387_/X                                10     11        (VIOLATED)
_06413_/X                                10     11        (VIOLATED)
_06499_/X                                10     11        (VIOLATED)
_06501_/X                                10     11        (VIOLATED)
_06506_/X                                10     11        (VIOLATED)
_06566_/X                                10     11        (VIOLATED)
_06571_/X                                10     11        (VIOLATED)
_06572_/X                                10     11        (VIOLATED)
_06618_/X                                10     11        (VIOLATED)
_06624_/X                                10     11        (VIOLATED)
_06637_/X                                10     11        (VIOLATED)
_06699_/X                                10     11        (VIOLATED)
_06778_/X                                10     11        (VIOLATED)
_06790_/X                                10     11        (VIOLATED)
_06823_/X                                10     11        (VIOLATED)
_06848_/X                                10     11        (VIOLATED)
_06856_/X                                10     11        (VIOLATED)
_06887_/X                                10     11        (VIOLATED)
_06932_/X                                10     11        (VIOLATED)
_06980_/X                                10     11        (VIOLATED)
_07110_/X                                10     11        (VIOLATED)
_07255_/X                                10     11        (VIOLATED)
_09915_/X                                10     11        (VIOLATED)
_10093_/X                                10     11        (VIOLATED)
_10373_/X                                10     11        (VIOLATED)
_10379_/X                                10     11        (VIOLATED)
_10780_/X                                10     11        (VIOLATED)
_11547_/X                                10     11        (VIOLATED)
_11753_/X                                10     11        (VIOLATED)
_12153_/X                                10     11        (VIOLATED)
clkbuf_4_4_0_clk/X                       10     11        (VIOLATED)
clkbuf_4_7_0_clk/X                       10     11        (VIOLATED)
clkbuf_4_8_0_clk/X                       10     11        (VIOLATED)
clkbuf_leaf_108_clk/X                    10     11        (VIOLATED)
clkbuf_leaf_113_clk/X                    10     11        (VIOLATED)
clkbuf_leaf_116_clk/X                    10     11        (VIOLATED)
clkbuf_leaf_150_clk/X                    10     11        (VIOLATED)
clkbuf_leaf_33_clk/X                     10     11        (VIOLATED)
clkbuf_leaf_37_clk/X                     10     11        (VIOLATED)
clkbuf_leaf_50_clk/X                     10     11        (VIOLATED)
clkbuf_leaf_51_clk/X                     10     11        (VIOLATED)
clkbuf_leaf_57_clk/X                     10     11        (VIOLATED)
clkbuf_leaf_71_clk/X                     10     11        (VIOLATED)


======================= Slowest Corner ===================================

max slew

Pin                                    Limit    Slew   Slack
------------------------------------------------------------
DataAdr[23]                             0.75    1.45   -0.70 (VIOLATED)
_09257_/A                               0.75    1.45   -0.70 (VIOLATED)
_10052_/B                               0.75    1.45   -0.70 (VIOLATED)
_09256_/Y                               0.75    1.45   -0.70 (VIOLATED)
_09490_/A                               0.75    1.39   -0.64 (VIOLATED)
ANTENNA_189/DIODE                       0.75    1.39   -0.64 (VIOLATED)
_07091_/B2                              0.75    1.39   -0.64 (VIOLATED)
_07092_/A                               0.75    1.39   -0.64 (VIOLATED)
_07090_/Y                               0.75    1.39   -0.64 (VIOLATED)
DataAdr[3]                              0.75    1.33   -0.58 (VIOLATED)
_09928_/A0                              0.75    1.33   -0.58 (VIOLATED)
_09442_/A                               0.75    1.33   -0.58 (VIOLATED)
_09429_/Y                               0.75    1.33   -0.58 (VIOLATED)
DataAdr[16]                             0.75    1.33   -0.58 (VIOLATED)
_09413_/Y                               0.75    1.33   -0.58 (VIOLATED)
load_slew1/A                            0.75    1.33   -0.58 (VIOLATED)
_07038_/B                               0.75    1.30   -0.55 (VIOLATED)
_07095_/A2                              0.75    1.30   -0.55 (VIOLATED)
_07021_/Y                               0.75    1.30   -0.55 (VIOLATED)
DataAdr[9]                              0.75    1.23   -0.48 (VIOLATED)
_09453_/C                               0.75    1.23   -0.48 (VIOLATED)
_09962_/A0                              0.75    1.23   -0.48 (VIOLATED)
_09419_/Y                               0.75    1.23   -0.48 (VIOLATED)
DataAdr[18]                             0.75    1.21   -0.46 (VIOLATED)
_09378_/A                               0.75    1.21   -0.46 (VIOLATED)
_10017_/A0                              0.75    1.21   -0.46 (VIOLATED)
_09377_/Y                               0.75    1.21   -0.46 (VIOLATED)
_09495_/A                               0.75    1.21   -0.46 (VIOLATED)
ANTENNA_196/DIODE                       0.75    1.21   -0.46 (VIOLATED)
_08724_/B2                              0.75    1.21   -0.46 (VIOLATED)
_08723_/Y                               0.75    1.21   -0.46 (VIOLATED)
_12337_/A0                              0.75    1.21   -0.46 (VIOLATED)
_10943_/A                               0.75    1.21   -0.46 (VIOLATED)
_11845_/A0                              0.75    1.21   -0.46 (VIOLATED)
_10033_/A                               0.75    1.21   -0.46 (VIOLATED)
_11918_/A0                              0.75    1.21   -0.46 (VIOLATED)
_12271_/A0                              0.75    1.21   -0.46 (VIOLATED)
_12123_/A0                              0.75    1.21   -0.46 (VIOLATED)
_11587_/A                               0.75    1.21   -0.46 (VIOLATED)
_11154_/D_N                             0.75    1.20   -0.45 (VIOLATED)
_10263_/B                               0.75    1.20   -0.45 (VIOLATED)
_10032_/Y                               0.75    1.20   -0.45 (VIOLATED)
ANTENNA_281/DIODE                       0.75    1.19   -0.44 (VIOLATED)
_07395_/B                               0.75    1.19   -0.44 (VIOLATED)
_07545_/B                               0.75    1.19   -0.44 (VIOLATED)
ANTENNA_282/DIODE                       0.75    1.19   -0.44 (VIOLATED)
_07393_/Y                               0.75    1.19   -0.44 (VIOLATED)
ANTENNA_71/DIODE                        0.75    1.17   -0.42 (VIOLATED)
ANTENNA_73/DIODE                        0.75    1.17   -0.42 (VIOLATED)
ANTENNA_75/DIODE                        0.75    1.17   -0.42 (VIOLATED)
_10058_/A1                              0.75    1.17   -0.42 (VIOLATED)
ANTENNA_70/DIODE                        0.75    1.17   -0.42 (VIOLATED)
ANTENNA_72/DIODE                        0.75    1.17   -0.42 (VIOLATED)
ANTENNA_74/DIODE                        0.75    1.17   -0.42 (VIOLATED)
ANTENNA_77/DIODE                        0.75    1.17   -0.42 (VIOLATED)
ANTENNA_76/DIODE                        0.75    1.17   -0.42 (VIOLATED)
ReadData[24]                            0.75    1.17   -0.42 (VIOLATED)
_10048_/A                               0.75    1.17   -0.42 (VIOLATED)
_10783_/A                               0.75    1.17   -0.42 (VIOLATED)
_11850_/A0                              0.75    1.17   -0.42 (VIOLATED)
_12342_/A0                              0.75    1.17   -0.42 (VIOLATED)
_12058_/A0                              0.75    1.17   -0.42 (VIOLATED)
_11923_/A0                              0.75    1.17   -0.42 (VIOLATED)
_11992_/A0                              0.75    1.17   -0.42 (VIOLATED)
_12127_/A0                              0.75    1.17   -0.42 (VIOLATED)
_11591_/A                               0.75    1.17   -0.42 (VIOLATED)
_10565_/C1                              0.75    1.17   -0.42 (VIOLATED)
_10047_/Y                               0.75    1.17   -0.42 (VIOLATED)
_09967_/A1                              0.75    1.14   -0.39 (VIOLATED)
ANTENNA_49/DIODE                        0.75    1.14   -0.39 (VIOLATED)
ReadData[10]                            0.75    1.14   -0.39 (VIOLATED)
_09496_/A                               0.75    1.14   -0.39 (VIOLATED)
_08533_/A1                              0.75    1.14   -0.39 (VIOLATED)
_08534_/A1                              0.75    1.14   -0.39 (VIOLATED)
_08532_/Y                               0.75    1.14   -0.39 (VIOLATED)
_09492_/A                               0.75    1.09   -0.34 (VIOLATED)
ANTENNA_278/DIODE                       0.75    1.09   -0.34 (VIOLATED)
_07230_/B2                              0.75    1.09   -0.34 (VIOLATED)
_08840_/A1                              0.75    1.09   -0.34 (VIOLATED)
_07229_/Y                               0.75    1.09   -0.34 (VIOLATED)
ANTENNA_58/DIODE                        0.75    1.05   -0.30 (VIOLATED)
_10005_/A1                              0.75    1.05   -0.30 (VIOLATED)
ReadData[16]                            0.75    1.05   -0.30 (VIOLATED)
_08240_/B1                              0.75    1.04   -0.29 (VIOLATED)
_08239_/Y                               0.75    1.04   -0.29 (VIOLATED)
_08123_/A                               0.75    1.03   -0.28 (VIOLATED)
_10213_/B                               0.75    1.03   -0.28 (VIOLATED)
_10516_/A                               0.75    1.03   -0.28 (VIOLATED)
ANTENNA_35/DIODE                        0.75    1.03   -0.28 (VIOLATED)
_10365_/A                               0.75    1.03   -0.28 (VIOLATED)
ANTENNA_34/DIODE                        0.75    1.03   -0.28 (VIOLATED)
_10124_/A                               0.75    1.03   -0.28 (VIOLATED)
ANTENNA_33/DIODE                        0.75    1.03   -0.28 (VIOLATED)
_09900_/B                               0.75    1.03   -0.28 (VIOLATED)
_09913_/A                               0.75    1.03   -0.28 (VIOLATED)
ANTENNA_32/DIODE                        0.75    1.03   -0.28 (VIOLATED)
Instr[8]                                0.75    1.03   -0.28 (VIOLATED)
ANTENNA_42/DIODE                        0.75    1.01   -0.26 (VIOLATED)
ANTENNA_44/DIODE                        0.75    1.01   -0.26 (VIOLATED)
ANTENNA_46/DIODE                        0.75    1.01   -0.26 (VIOLATED)
ANTENNA_40/DIODE                        0.75    1.01   -0.26 (VIOLATED)
ANTENNA_38/DIODE                        0.75    1.01   -0.26 (VIOLATED)
_09887_/A_N                             0.75    1.01   -0.26 (VIOLATED)
ANTENNA_39/DIODE                        0.75    1.01   -0.26 (VIOLATED)
ANTENNA_41/DIODE                        0.75    1.01   -0.26 (VIOLATED)
ANTENNA_43/DIODE                        0.75    1.01   -0.26 (VIOLATED)
ANTENNA_45/DIODE                        0.75    1.01   -0.26 (VIOLATED)
ANTENNA_47/DIODE                        0.75    1.01   -0.26 (VIOLATED)
ANTENNA_48/DIODE                        0.75    1.01   -0.26 (VIOLATED)
ReadData[0]                             0.75    1.01   -0.26 (VIOLATED)
_06179_/A                               0.75    1.01   -0.26 (VIOLATED)
_06167_/A                               0.75    1.01   -0.26 (VIOLATED)
ANTENNA_26/DIODE                        0.75    1.01   -0.26 (VIOLATED)
_06689_/A                               0.75    1.01   -0.26 (VIOLATED)
ANTENNA_28/DIODE                        0.75    1.01   -0.26 (VIOLATED)
ANTENNA_27/DIODE                        0.75    1.01   -0.26 (VIOLATED)
_06225_/B                               0.75    1.01   -0.26 (VIOLATED)
_06335_/A                               0.75    1.01   -0.26 (VIOLATED)
ANTENNA_25/DIODE                        0.75    1.01   -0.26 (VIOLATED)
Instr[21]                               0.75    1.01   -0.26 (VIOLATED)
_12325_/A0                              0.75    1.00   -0.25 (VIOLATED)
_10930_/A                               0.75    1.00   -0.25 (VIOLATED)
_09995_/A                               0.75    1.00   -0.25 (VIOLATED)
_12042_/A0                              0.75    1.00   -0.25 (VIOLATED)
_12110_/A0                              0.75    1.00   -0.25 (VIOLATED)
_11976_/A0                              0.75    1.00   -0.25 (VIOLATED)
_11906_/A0                              0.75    1.00   -0.25 (VIOLATED)
_11575_/C_N                             0.75    1.00   -0.25 (VIOLATED)
_10849_/D_N                             0.75    1.00   -0.25 (VIOLATED)
_09994_/Y                               0.75    1.00   -0.25 (VIOLATED)
_11869_/B1                              0.75    0.98   -0.23 (VIOLATED)
_11870_/A2                              0.75    0.98   -0.23 (VIOLATED)
_11802_/B                               0.75    0.98   -0.23 (VIOLATED)
_11803_/A2                              0.75    0.98   -0.23 (VIOLATED)
_11801_/Y                               0.75    0.98   -0.23 (VIOLATED)
_06156_/A                               0.75    0.98   -0.23 (VIOLATED)
_06144_/B                               0.75    0.98   -0.23 (VIOLATED)
_06139_/A                               0.75    0.98   -0.23 (VIOLATED)
_06250_/A                               0.75    0.98   -0.23 (VIOLATED)
_06146_/A                               0.75    0.98   -0.23 (VIOLATED)
Instr[1]                                0.75    0.98   -0.23 (VIOLATED)
_11990_/A0                              0.75    0.97   -0.22 (VIOLATED)
_11921_/A0                              0.75    0.97   -0.22 (VIOLATED)
_11780_/A0                              0.75    0.97   -0.22 (VIOLATED)
_10040_/A                               0.75    0.97   -0.22 (VIOLATED)
_11848_/A0                              0.75    0.97   -0.22 (VIOLATED)
_12340_/A0                              0.75    0.97   -0.22 (VIOLATED)
_12125_/A0                              0.75    0.97   -0.22 (VIOLATED)
_11716_/A0                              0.75    0.97   -0.22 (VIOLATED)
_10946_/A                               0.75    0.97   -0.22 (VIOLATED)
_12056_/A0                              0.75    0.97   -0.22 (VIOLATED)
_10039_/Y                               0.75    0.97   -0.22 (VIOLATED)
DataAdr[12]                             0.75    0.95   -0.20 (VIOLATED)
_09453_/A                               0.75    0.95   -0.20 (VIOLATED)
ANTENNA_247/DIODE                       0.75    0.95   -0.20 (VIOLATED)
_09978_/A0                              0.75    0.95   -0.20 (VIOLATED)
_09409_/Y                               0.75    0.95   -0.20 (VIOLATED)
ANTENNA_121/DIODE                       0.75    0.95   -0.20 (VIOLATED)
_07176_/B1                              0.75    0.95   -0.20 (VIOLATED)
_06532_/B1                              0.75    0.95   -0.20 (VIOLATED)
ANTENNA_120/DIODE                       0.75    0.95   -0.20 (VIOLATED)
_07548_/A                               0.75    0.95   -0.20 (VIOLATED)
_07938_/B1                              0.75    0.95   -0.20 (VIOLATED)
_08128_/A1                              0.75    0.95   -0.20 (VIOLATED)
ANTENNA_122/DIODE                       0.75    0.95   -0.20 (VIOLATED)
_08647_/B1                              0.75    0.95   -0.20 (VIOLATED)
_08592_/A                               0.75    0.95   -0.20 (VIOLATED)
_06531_/Y                               0.75    0.95   -0.20 (VIOLATED)
_09644_/A1                              0.75    0.94   -0.19 (VIOLATED)
_07992_/B1                              0.75    0.94   -0.19 (VIOLATED)
_10213_/A                               0.75    0.94   -0.19 (VIOLATED)
_10516_/D_N                             0.75    0.94   -0.19 (VIOLATED)
_10365_/C_N                             0.75    0.94   -0.19 (VIOLATED)
_10358_/B_N                             0.75    0.94   -0.19 (VIOLATED)
_09911_/A                               0.75    0.94   -0.19 (VIOLATED)
_09900_/A_N                             0.75    0.94   -0.19 (VIOLATED)
Instr[7]                                0.75    0.94   -0.19 (VIOLATED)
_11320_/A2                              0.75    0.94   -0.19 (VIOLATED)
_11319_/B1                              0.75    0.94   -0.19 (VIOLATED)
_11252_/B                               0.75    0.94   -0.19 (VIOLATED)
_11253_/A2                              0.75    0.94   -0.19 (VIOLATED)
_11251_/Y                               0.75    0.94   -0.19 (VIOLATED)
_09762_/A                               0.75    0.92   -0.17 (VIOLATED)
_09751_/A                               0.75    0.92   -0.17 (VIOLATED)
_09753_/A                               0.75    0.92   -0.17 (VIOLATED)
_09645_/A1                              0.75    0.92   -0.17 (VIOLATED)
_06562_/A                               0.75    0.92   -0.17 (VIOLATED)
_06248_/B1                              0.75    0.92   -0.17 (VIOLATED)
_08907_/A2                              0.75    0.92   -0.17 (VIOLATED)
_09059_/A1                              0.75    0.92   -0.17 (VIOLATED)
Instr[31]                               0.75    0.92   -0.17 (VIOLATED)
_09504_/B1                              0.75    0.92   -0.17 (VIOLATED)
_08360_/D                               0.75    0.92   -0.17 (VIOLATED)
_08359_/Y                               0.75    0.92   -0.17 (VIOLATED)
_10085_/B1_N                            0.75    0.90   -0.15 (VIOLATED)
ANTENNA_207/DIODE                       0.75    0.90   -0.15 (VIOLATED)
_10084_/Y                               0.75    0.90   -0.15 (VIOLATED)
_07395_/A                               0.75    0.90   -0.15 (VIOLATED)
_07545_/A                               0.75    0.90   -0.15 (VIOLATED)
_07380_/Y                               0.75    0.90   -0.15 (VIOLATED)
_09525_/A                               0.75    0.88   -0.13 (VIOLATED)
_09358_/C                               0.75    0.88   -0.13 (VIOLATED)
_09984_/B1                              0.75    0.88   -0.13 (VIOLATED)
_09352_/Y                               0.75    0.88   -0.13 (VIOLATED)
_06666_/A                               0.75    0.85   -0.10 (VIOLATED)
_06977_/B                               0.75    0.85   -0.10 (VIOLATED)
_06883_/B                               0.75    0.85   -0.10 (VIOLATED)
_06660_/A                               0.75    0.85   -0.10 (VIOLATED)
_08807_/C1                              0.75    0.85   -0.10 (VIOLATED)
_08724_/C1                              0.75    0.85   -0.10 (VIOLATED)
_08810_/B1                              0.75    0.85   -0.10 (VIOLATED)
_08191_/C1                              0.75    0.85   -0.10 (VIOLATED)
_08308_/C1                              0.75    0.85   -0.10 (VIOLATED)
_06659_/Y                               0.75    0.85   -0.10 (VIOLATED)
_09559_/A1                              0.75    0.84   -0.09 (VIOLATED)
_07611_/A1                              0.75    0.84   -0.09 (VIOLATED)
_07650_/A1                              0.75    0.84   -0.09 (VIOLATED)
_10514_/A                               0.75    0.84   -0.09 (VIOLATED)
ANTENNA_22/DIODE                        0.75    0.84   -0.09 (VIOLATED)
_09895_/A                               0.75    0.84   -0.09 (VIOLATED)
ANTENNA_21/DIODE                        0.75    0.84   -0.09 (VIOLATED)
Instr[11]                               0.75    0.84   -0.09 (VIOLATED)
_08261_/C                               0.75    0.83   -0.08 (VIOLATED)
_08260_/Y                               0.75    0.83   -0.08 (VIOLATED)
ANTENNA_54/DIODE                        0.75    0.82   -0.07 (VIOLATED)
ANTENNA_52/DIODE                        0.75    0.82   -0.07 (VIOLATED)
_09978_/A1                              0.75    0.82   -0.07 (VIOLATED)
ANTENNA_51/DIODE                        0.75    0.82   -0.07 (VIOLATED)
ANTENNA_53/DIODE                        0.75    0.82   -0.07 (VIOLATED)
ANTENNA_55/DIODE                        0.75    0.82   -0.07 (VIOLATED)
ReadData[12]                            0.75    0.82   -0.07 (VIOLATED)
_07986_/A2                              0.75    0.82   -0.07 (VIOLATED)
_08043_/A                               0.75    0.82   -0.07 (VIOLATED)
_09474_/B                               0.75    0.82   -0.07 (VIOLATED)
_07964_/Y                               0.75    0.82   -0.07 (VIOLATED)
_09919_/A3                              0.75    0.81   -0.06 (VIOLATED)
ANTENNA_83/DIODE                        0.75    0.81   -0.06 (VIOLATED)
ReadData[2]                             0.75    0.81   -0.06 (VIOLATED)
_07743_/A1                              0.75    0.81   -0.06 (VIOLATED)
_07688_/B                               0.75    0.81   -0.06 (VIOLATED)
_09611_/A1                              0.75    0.81   -0.06 (VIOLATED)
_09589_/A1                              0.75    0.81   -0.06 (VIOLATED)
_09587_/A1                              0.75    0.81   -0.06 (VIOLATED)
_09580_/A                               0.75    0.81   -0.06 (VIOLATED)
_09586_/A1                              0.75    0.81   -0.06 (VIOLATED)
_09579_/A                               0.75    0.81   -0.06 (VIOLATED)
Instr[25]                               0.75    0.81   -0.06 (VIOLATED)
_08592_/C_N                             0.75    0.81   -0.06 (VIOLATED)
_08645_/B1                              0.75    0.81   -0.06 (VIOLATED)
_08591_/Y                               0.75    0.81   -0.06 (VIOLATED)
_09398_/B1                              0.75    0.79   -0.04 (VIOLATED)
_09434_/B1                              0.75    0.79   -0.04 (VIOLATED)
_09417_/B1                              0.75    0.79   -0.04 (VIOLATED)
_09432_/B1                              0.75    0.79   -0.04 (VIOLATED)
_09302_/B1                              0.75    0.79   -0.04 (VIOLATED)
_09374_/B1                              0.75    0.79   -0.04 (VIOLATED)
_09208_/B1                              0.75    0.79   -0.04 (VIOLATED)
_09206_/Y                               0.75    0.79   -0.04 (VIOLATED)
_11187_/A                               0.75    0.78   -0.03 (VIOLATED)
_09931_/A                               0.75    0.78   -0.03 (VIOLATED)
_10224_/B                               0.75    0.78   -0.03 (VIOLATED)
_10820_/D_N                             0.75    0.78   -0.03 (VIOLATED)
_11550_/A                               0.75    0.78   -0.03 (VIOLATED)
_12302_/A0                              0.75    0.78   -0.03 (VIOLATED)
_12087_/A0                              0.75    0.78   -0.03 (VIOLATED)
_10524_/C1                              0.75    0.78   -0.03 (VIOLATED)
_09930_/Y                               0.75    0.78   -0.03 (VIOLATED)
_06145_/Y                               0.75    0.78   -0.03 (VIOLATED)
_06149_/A2                              0.75    0.78   -0.03 (VIOLATED)
max_cap7/A                              0.75    0.78   -0.03 (VIOLATED)
_09947_/A1                              0.75    0.78   -0.03 (VIOLATED)
ANTENNA_97/DIODE                        0.75    0.78   -0.03 (VIOLATED)
ReadData[6]                             0.75    0.78   -0.03 (VIOLATED)
_10029_/B1                              0.75    0.78   -0.03 (VIOLATED)
ANTENNA_67/DIODE                        0.75    0.78   -0.03 (VIOLATED)
ReadData[20]                            0.75    0.78   -0.03 (VIOLATED)
_09914_/C_N                             0.75    0.77   -0.02 (VIOLATED)
_12081_/D_N                             0.75    0.77   -0.02 (VIOLATED)
_09899_/A                               0.75    0.77   -0.02 (VIOLATED)
_10809_/A                               0.75    0.77   -0.02 (VIOLATED)
_09898_/Y                               0.75    0.77   -0.02 (VIOLATED)
_12148_/B                               0.75    0.77   -0.02 (VIOLATED)
_08728_/B1                              0.75    0.77   -0.02 (VIOLATED)
_08727_/A3                              0.75    0.77   -0.02 (VIOLATED)
_08676_/Y                               0.75    0.77   -0.02 (VIOLATED)
_08480_/A                               0.75    0.77   -0.02 (VIOLATED)
_08397_/B                               0.75    0.77   -0.02 (VIOLATED)
_09634_/A                               0.75    0.77   -0.02 (VIOLATED)
ANTENNA_31/DIODE                        0.75    0.77   -0.02 (VIOLATED)
ANTENNA_29/DIODE                        0.75    0.77   -0.02 (VIOLATED)
_09620_/A                               0.75    0.77   -0.02 (VIOLATED)
_09621_/A                               0.75    0.77   -0.02 (VIOLATED)
ANTENNA_30/DIODE                        0.75    0.77   -0.02 (VIOLATED)
Instr[29]                               0.75    0.77   -0.02 (VIOLATED)
_09460_/A                               0.75    0.76   -0.01 (VIOLATED)
_09813_/A                               0.75    0.76   -0.01 (VIOLATED)
_09788_/A                               0.75    0.76   -0.01 (VIOLATED)
_09838_/A                               0.75    0.76   -0.01 (VIOLATED)
_09860_/A                               0.75    0.76   -0.01 (VIOLATED)
_09871_/A                               0.75    0.76   -0.01 (VIOLATED)
_09541_/A                               0.75    0.76   -0.01 (VIOLATED)
_09641_/A                               0.75    0.76   -0.01 (VIOLATED)
_09583_/A                               0.75    0.76   -0.01 (VIOLATED)
_09467_/B1                              0.75    0.76   -0.01 (VIOLATED)
_09459_/Y                               0.75    0.76   -0.01 (VIOLATED)
PC[3]                                   0.75    0.75   -0.00 (VIOLATED)
_07144_/C1                              0.75    0.75   -0.00 (VIOLATED)
_07146_/A                               0.75    0.75   -0.00 (VIOLATED)
_07143_/Y                               0.75    0.75   -0.00 (VIOLATED)

max fanout

Pin                                   Limit Fanout  Slack
---------------------------------------------------------
_06774_/X                                10     17     -7 (VIOLATED)
_06859_/X                                10     17     -7 (VIOLATED)
_06324_/X                                10     16     -6 (VIOLATED)
_06646_/X                                10     16     -6 (VIOLATED)
clkbuf_0_clk/X                           10     16     -6 (VIOLATED)
_06592_/X                                10     15     -5 (VIOLATED)
_06754_/X                                10     15     -5 (VIOLATED)
_10260_/X                                10     15     -5 (VIOLATED)
_10665_/X                                10     15     -5 (VIOLATED)
_06597_/X                                10     14     -4 (VIOLATED)
_06610_/X                                10     14     -4 (VIOLATED)
_06682_/X                                10     14     -4 (VIOLATED)
_06737_/X                                10     14     -4 (VIOLATED)
_10367_/X                                10     14     -4 (VIOLATED)
_10405_/X                                10     14     -4 (VIOLATED)
clkbuf_leaf_115_clk/X                    10     14     -4 (VIOLATED)
clkbuf_leaf_141_clk/X                    10     14     -4 (VIOLATED)
clkbuf_leaf_48_clk/X                     10     14     -4 (VIOLATED)
_06224_/X                                10     13     -3 (VIOLATED)
_06332_/X                                10     13     -3 (VIOLATED)
_06505_/X                                10     13     -3 (VIOLATED)
_06578_/X                                10     13     -3 (VIOLATED)
_06599_/X                                10     13     -3 (VIOLATED)
_06842_/X                                10     13     -3 (VIOLATED)
_07084_/X                                10     13     -3 (VIOLATED)
_07367_/X                                10     13     -3 (VIOLATED)
_09534_/Y                                10     13     -3 (VIOLATED)
_10216_/X                                10     13     -3 (VIOLATED)
_12029_/X                                10     13     -3 (VIOLATED)
clkbuf_4_9_0_clk/X                       10     13     -3 (VIOLATED)
clkbuf_leaf_114_clk/X                    10     13     -3 (VIOLATED)
clkbuf_leaf_140_clk/X                    10     13     -3 (VIOLATED)
clkbuf_leaf_142_clk/X                    10     13     -3 (VIOLATED)
clkbuf_leaf_143_clk/X                    10     13     -3 (VIOLATED)
clkbuf_leaf_34_clk/X                     10     13     -3 (VIOLATED)
clkbuf_leaf_36_clk/X                     10     13     -3 (VIOLATED)
clkbuf_leaf_52_clk/X                     10     13     -3 (VIOLATED)
ReadData[0]                              10     12     -2 (VIOLATED)
_06173_/X                                10     12     -2 (VIOLATED)
_06292_/X                                10     12     -2 (VIOLATED)
_06512_/X                                10     12     -2 (VIOLATED)
_06516_/X                                10     12     -2 (VIOLATED)
_06674_/X                                10     12     -2 (VIOLATED)
_06684_/X                                10     12     -2 (VIOLATED)
_06690_/X                                10     12     -2 (VIOLATED)
_06739_/X                                10     12     -2 (VIOLATED)
_06786_/X                                10     12     -2 (VIOLATED)
_06805_/X                                10     12     -2 (VIOLATED)
_06907_/X                                10     12     -2 (VIOLATED)
_06941_/X                                10     12     -2 (VIOLATED)
_06956_/X                                10     12     -2 (VIOLATED)
_07109_/X                                10     12     -2 (VIOLATED)
_10025_/X                                10     12     -2 (VIOLATED)
_11069_/X                                10     12     -2 (VIOLATED)
_11128_/X                                10     12     -2 (VIOLATED)
_11621_/X                                10     12     -2 (VIOLATED)
clkbuf_leaf_101_clk/X                    10     12     -2 (VIOLATED)
clkbuf_leaf_2_clk/X                      10     12     -2 (VIOLATED)
clkbuf_leaf_67_clk/X                     10     12     -2 (VIOLATED)
Instr[8]                                 10     11        (VIOLATED)
ReadData[5]                              10     11        (VIOLATED)
_06295_/X                                10     11        (VIOLATED)
_06387_/X                                10     11        (VIOLATED)
_06413_/X                                10     11        (VIOLATED)
_06499_/X                                10     11        (VIOLATED)
_06501_/X                                10     11        (VIOLATED)
_06506_/X                                10     11        (VIOLATED)
_06566_/X                                10     11        (VIOLATED)
_06571_/X                                10     11        (VIOLATED)
_06572_/X                                10     11        (VIOLATED)
_06618_/X                                10     11        (VIOLATED)
_06624_/X                                10     11        (VIOLATED)
_06637_/X                                10     11        (VIOLATED)
_06699_/X                                10     11        (VIOLATED)
_06778_/X                                10     11        (VIOLATED)
_06790_/X                                10     11        (VIOLATED)
_06823_/X                                10     11        (VIOLATED)
_06848_/X                                10     11        (VIOLATED)
_06856_/X                                10     11        (VIOLATED)
_06887_/X                                10     11        (VIOLATED)
_06932_/X                                10     11        (VIOLATED)
_06980_/X                                10     11        (VIOLATED)
_07110_/X                                10     11        (VIOLATED)
_07255_/X                                10     11        (VIOLATED)
_09915_/X                                10     11        (VIOLATED)
_10093_/X                                10     11        (VIOLATED)
_10373_/X                                10     11        (VIOLATED)
_10379_/X                                10     11        (VIOLATED)
_10780_/X                                10     11        (VIOLATED)
_11547_/X                                10     11        (VIOLATED)
_11753_/X                                10     11        (VIOLATED)
_12153_/X                                10     11        (VIOLATED)
clkbuf_4_4_0_clk/X                       10     11        (VIOLATED)
clkbuf_4_7_0_clk/X                       10     11        (VIOLATED)
clkbuf_4_8_0_clk/X                       10     11        (VIOLATED)
clkbuf_leaf_108_clk/X                    10     11        (VIOLATED)
clkbuf_leaf_113_clk/X                    10     11        (VIOLATED)
clkbuf_leaf_116_clk/X                    10     11        (VIOLATED)
clkbuf_leaf_150_clk/X                    10     11        (VIOLATED)
clkbuf_leaf_33_clk/X                     10     11        (VIOLATED)
clkbuf_leaf_37_clk/X                     10     11        (VIOLATED)
clkbuf_leaf_50_clk/X                     10     11        (VIOLATED)
clkbuf_leaf_51_clk/X                     10     11        (VIOLATED)
clkbuf_leaf_57_clk/X                     10     11        (VIOLATED)
clkbuf_leaf_71_clk/X                     10     11        (VIOLATED)


======================= Typical Corner ===================================

max slew

Pin                                    Limit    Slew   Slack
------------------------------------------------------------
DataAdr[23]                             0.75    0.91   -0.16 (VIOLATED)
_09257_/A                               0.75    0.91   -0.16 (VIOLATED)
_10052_/B                               0.75    0.91   -0.16 (VIOLATED)
_09256_/Y                               0.75    0.91   -0.16 (VIOLATED)
_09490_/A                               0.75    0.87   -0.12 (VIOLATED)
ANTENNA_189/DIODE                       0.75    0.87   -0.12 (VIOLATED)
_07091_/B2                              0.75    0.87   -0.12 (VIOLATED)
_07092_/A                               0.75    0.87   -0.12 (VIOLATED)
_07090_/Y                               0.75    0.87   -0.12 (VIOLATED)
DataAdr[3]                              0.75    0.85   -0.10 (VIOLATED)
_09928_/A0                              0.75    0.85   -0.10 (VIOLATED)
_09442_/A                               0.75    0.85   -0.10 (VIOLATED)
_09429_/Y                               0.75    0.85   -0.10 (VIOLATED)
DataAdr[16]                             0.75    0.83   -0.08 (VIOLATED)
load_slew1/A                            0.75    0.83   -0.08 (VIOLATED)
_09413_/Y                               0.75    0.83   -0.08 (VIOLATED)
_07095_/A2                              0.75    0.81   -0.06 (VIOLATED)
_07038_/B                               0.75    0.81   -0.06 (VIOLATED)
_07021_/Y                               0.75    0.81   -0.06 (VIOLATED)
DataAdr[9]                              0.75    0.77   -0.02 (VIOLATED)
_09962_/A0                              0.75    0.77   -0.02 (VIOLATED)
_09453_/C                               0.75    0.77   -0.02 (VIOLATED)
_09419_/Y                               0.75    0.77   -0.02 (VIOLATED)
_09495_/A                               0.75    0.76   -0.01 (VIOLATED)
ANTENNA_196/DIODE                       0.75    0.76   -0.01 (VIOLATED)
_08724_/B2                              0.75    0.75   -0.00 (VIOLATED)
_08723_/Y                               0.75    0.75   -0.00 (VIOLATED)
DataAdr[18]                             0.75    0.75   -0.00 (VIOLATED)
_09378_/A                               0.75    0.75   -0.00 (VIOLATED)
_10017_/A0                              0.75    0.75   -0.00 (VIOLATED)
_09377_/Y                               0.75    0.75   -0.00 (VIOLATED)
_12337_/A0                              0.75    0.75   -0.00 (VIOLATED)
_10943_/A                               0.75    0.75   -0.00 (VIOLATED)
_11845_/A0                              0.75    0.75   -0.00 (VIOLATED)
_10033_/A                               0.75    0.75   -0.00 (VIOLATED)
_11918_/A0                              0.75    0.75   -0.00 (VIOLATED)
_12271_/A0                              0.75    0.75   -0.00 (VIOLATED)
_12123_/A0                              0.75    0.75   -0.00 (VIOLATED)
_11587_/A                               0.75    0.75   -0.00 (VIOLATED)
_11154_/D_N                             0.75    0.75   -0.00 (VIOLATED)
_10263_/B                               0.75    0.75   -0.00 (VIOLATED)
_10032_/Y                               0.75    0.75   -0.00 (VIOLATED)

max fanout

Pin                                   Limit Fanout  Slack
---------------------------------------------------------
_06774_/X                                10     17     -7 (VIOLATED)
_06859_/X                                10     17     -7 (VIOLATED)
_06324_/X                                10     16     -6 (VIOLATED)
_06646_/X                                10     16     -6 (VIOLATED)
clkbuf_0_clk/X                           10     16     -6 (VIOLATED)
_06592_/X                                10     15     -5 (VIOLATED)
_06754_/X                                10     15     -5 (VIOLATED)
_10260_/X                                10     15     -5 (VIOLATED)
_10665_/X                                10     15     -5 (VIOLATED)
_06597_/X                                10     14     -4 (VIOLATED)
_06610_/X                                10     14     -4 (VIOLATED)
_06682_/X                                10     14     -4 (VIOLATED)
_06737_/X                                10     14     -4 (VIOLATED)
_10367_/X                                10     14     -4 (VIOLATED)
_10405_/X                                10     14     -4 (VIOLATED)
clkbuf_leaf_115_clk/X                    10     14     -4 (VIOLATED)
clkbuf_leaf_141_clk/X                    10     14     -4 (VIOLATED)
clkbuf_leaf_48_clk/X                     10     14     -4 (VIOLATED)
_06224_/X                                10     13     -3 (VIOLATED)
_06332_/X                                10     13     -3 (VIOLATED)
_06505_/X                                10     13     -3 (VIOLATED)
_06578_/X                                10     13     -3 (VIOLATED)
_06599_/X                                10     13     -3 (VIOLATED)
_06842_/X                                10     13     -3 (VIOLATED)
_07084_/X                                10     13     -3 (VIOLATED)
_07367_/X                                10     13     -3 (VIOLATED)
_09534_/Y                                10     13     -3 (VIOLATED)
_10216_/X                                10     13     -3 (VIOLATED)
_12029_/X                                10     13     -3 (VIOLATED)
clkbuf_4_9_0_clk/X                       10     13     -3 (VIOLATED)
clkbuf_leaf_114_clk/X                    10     13     -3 (VIOLATED)
clkbuf_leaf_140_clk/X                    10     13     -3 (VIOLATED)
clkbuf_leaf_142_clk/X                    10     13     -3 (VIOLATED)
clkbuf_leaf_143_clk/X                    10     13     -3 (VIOLATED)
clkbuf_leaf_34_clk/X                     10     13     -3 (VIOLATED)
clkbuf_leaf_36_clk/X                     10     13     -3 (VIOLATED)
clkbuf_leaf_52_clk/X                     10     13     -3 (VIOLATED)
ReadData[0]                              10     12     -2 (VIOLATED)
_06173_/X                                10     12     -2 (VIOLATED)
_06292_/X                                10     12     -2 (VIOLATED)
_06512_/X                                10     12     -2 (VIOLATED)
_06516_/X                                10     12     -2 (VIOLATED)
_06674_/X                                10     12     -2 (VIOLATED)
_06684_/X                                10     12     -2 (VIOLATED)
_06690_/X                                10     12     -2 (VIOLATED)
_06739_/X                                10     12     -2 (VIOLATED)
_06786_/X                                10     12     -2 (VIOLATED)
_06805_/X                                10     12     -2 (VIOLATED)
_06907_/X                                10     12     -2 (VIOLATED)
_06941_/X                                10     12     -2 (VIOLATED)
_06956_/X                                10     12     -2 (VIOLATED)
_07109_/X                                10     12     -2 (VIOLATED)
_10025_/X                                10     12     -2 (VIOLATED)
_11069_/X                                10     12     -2 (VIOLATED)
_11128_/X                                10     12     -2 (VIOLATED)
_11621_/X                                10     12     -2 (VIOLATED)
clkbuf_leaf_101_clk/X                    10     12     -2 (VIOLATED)
clkbuf_leaf_2_clk/X                      10     12     -2 (VIOLATED)
clkbuf_leaf_67_clk/X                     10     12     -2 (VIOLATED)
Instr[8]                                 10     11        (VIOLATED)
ReadData[5]                              10     11        (VIOLATED)
_06295_/X                                10     11        (VIOLATED)
_06387_/X                                10     11        (VIOLATED)
_06413_/X                                10     11        (VIOLATED)
_06499_/X                                10     11        (VIOLATED)
_06501_/X                                10     11        (VIOLATED)
_06506_/X                                10     11        (VIOLATED)
_06566_/X                                10     11        (VIOLATED)
_06571_/X                                10     11        (VIOLATED)
_06572_/X                                10     11        (VIOLATED)
_06618_/X                                10     11        (VIOLATED)
_06624_/X                                10     11        (VIOLATED)
_06637_/X                                10     11        (VIOLATED)
_06699_/X                                10     11        (VIOLATED)
_06778_/X                                10     11        (VIOLATED)
_06790_/X                                10     11        (VIOLATED)
_06823_/X                                10     11        (VIOLATED)
_06848_/X                                10     11        (VIOLATED)
_06856_/X                                10     11        (VIOLATED)
_06887_/X                                10     11        (VIOLATED)
_06932_/X                                10     11        (VIOLATED)
_06980_/X                                10     11        (VIOLATED)
_07110_/X                                10     11        (VIOLATED)
_07255_/X                                10     11        (VIOLATED)
_09915_/X                                10     11        (VIOLATED)
_10093_/X                                10     11        (VIOLATED)
_10373_/X                                10     11        (VIOLATED)
_10379_/X                                10     11        (VIOLATED)
_10780_/X                                10     11        (VIOLATED)
_11547_/X                                10     11        (VIOLATED)
_11753_/X                                10     11        (VIOLATED)
_12153_/X                                10     11        (VIOLATED)
clkbuf_4_4_0_clk/X                       10     11        (VIOLATED)
clkbuf_4_7_0_clk/X                       10     11        (VIOLATED)
clkbuf_4_8_0_clk/X                       10     11        (VIOLATED)
clkbuf_leaf_108_clk/X                    10     11        (VIOLATED)
clkbuf_leaf_113_clk/X                    10     11        (VIOLATED)
clkbuf_leaf_116_clk/X                    10     11        (VIOLATED)
clkbuf_leaf_150_clk/X                    10     11        (VIOLATED)
clkbuf_leaf_33_clk/X                     10     11        (VIOLATED)
clkbuf_leaf_37_clk/X                     10     11        (VIOLATED)
clkbuf_leaf_50_clk/X                     10     11        (VIOLATED)
clkbuf_leaf_51_clk/X                     10     11        (VIOLATED)
clkbuf_leaf_57_clk/X                     10     11        (VIOLATED)
clkbuf_leaf_71_clk/X                     10     11        (VIOLATED)



===========================================================================
report_parasitic_annotation -report_unannotated
============================================================================
Found 0 unannotated drivers.
Found 0 partially unannotated drivers.

===========================================================================
max slew violation count 309
max fanout violation count 105
max cap violation count 0
============================================================================

===========================================================================
check_setup -verbose -unconstrained_endpoints -multiple_clock -no_clock -no_input_delay -loops -generated_clocks
===========================================================================
