Partial/Required:  3.80, Required:    400.0, Partial:  1519.22, Net: DataAdr[4], Pin: _09934_/A0, Layer: met2
Partial/Required:  3.26, Required:    400.0, Partial:  1304.32, Net: _04952_, Pin: _10197_/S, Layer: met3
Partial/Required:  2.50, Required:    400.0, Partial:   999.17, Net: DataAdr[10], Pin: _09967_/A0, Layer: met2
Partial/Required:  2.32, Required:    400.0, Partial:   929.56, Net: DataAdr[11], Pin: _09972_/A0, Layer: met2
Partial/Required:  2.04, Required:    400.0, Partial:   816.56, Net: PC[16], Pin: _09711_/C, Layer: met2
Partial/Required:  1.70, Required:    400.0, Partial:   678.73, Net: _01558_, Pin: _06751_/B, Layer: met3
Partial/Required:  1.63, Required:    400.0, Partial:   651.89, Net: _04985_, Pin: _12166_/B2, Layer: met3
Partial/Required:  1.62, Required:    400.0, Partial:   646.22, Net: _04807_, Pin: _10849_/D_N, Layer: met1
Partial/Required:  1.61, Required:    400.0, Partial:   645.78, Net: _01154_, Pin: _09476_/A, Layer: met1
Partial/Required:  1.56, Required:    400.0, Partial:   622.56, Net: rvsingle.dp.rf.rf\[27\]\[10\], Pin: _08288_/A, Layer: met1
Partial/Required:  1.55, Required:    400.0, Partial:   620.78, Net: _05342_, Pin: _10850_/A2_N, Layer: met1
Partial/Required:  1.49, Required:    400.0, Partial:   597.59, Net: _05490_, Pin: _11113_/S, Layer: met3
Partial/Required:  1.48, Required:    400.0, Partial:   593.67, Net: _01425_, Pin: _08661_/A, Layer: met1
Partial/Required:  1.47, Required:    400.0, Partial:   588.45, Net: DataAdr[7], Pin: _09404_/A, Layer: met2
Partial/Required:  1.47, Required:    400.0, Partial:   588.45, Net: DataAdr[7], Pin: _09952_/A0, Layer: met2
Partial/Required:  1.44, Required:    400.0, Partial:   575.44, Net: _05004_, Pin: _10266_/A1_N, Layer: met1
Partial/Required:  1.44, Required:    400.0, Partial:   574.84, Net: _05065_, Pin: _10374_/B1, Layer: met3
Partial/Required:  1.44, Required:    400.0, Partial:   574.84, Net: _05065_, Pin: _10377_/B1, Layer: met3
Partial/Required:  1.33, Required:    400.0, Partial:   530.33, Net: _01878_, Pin: _07115_/B, Layer: met1
Partial/Required:  1.26, Required:    400.0, Partial:   505.86, Net: _01111_, Pin: _08757_/B1, Layer: met3
Partial/Required:  1.18, Required:    400.0, Partial:   471.66, Net: _01531_, Pin: _08715_/A1, Layer: met3
Partial/Required:  1.17, Required:    400.0, Partial:    469.0, Net: _01189_, Pin: _08986_/A, Layer: met2
Partial/Required:  1.16, Required:    400.0, Partial:    463.7, Net: _02117_, Pin: _08875_/S, Layer: met3
Partial/Required:  1.16, Required:    400.0, Partial:    463.7, Net: _02117_, Pin: _08593_/A1, Layer: met3
Partial/Required:  1.13, Required:    400.0, Partial:   452.67, Net: _01566_, Pin: _07434_/B_N, Layer: met2
Partial/Required:  1.11, Required:    400.0, Partial:   445.63, Net: _01496_, Pin: _08315_/B1, Layer: met3
Partial/Required:  1.10, Required:    400.0, Partial:   438.95, Net: _01630_, Pin: _08159_/A1, Layer: met3
Partial/Required:  1.09, Required:    400.0, Partial:   437.49, Net: Instr[7], Pin: _09900_/A_N, Layer: met3
Partial/Required:  1.09, Required:    400.0, Partial:   437.49, Net: Instr[7], Pin: _10358_/B_N, Layer: met3
Partial/Required:  1.09, Required:    400.0, Partial:   437.49, Net: Instr[7], Pin: _10213_/A, Layer: met3
Partial/Required:  1.09, Required:    400.0, Partial:   437.49, Net: Instr[7], Pin: _10516_/D_N, Layer: met3
Partial/Required:  1.09, Required:    400.0, Partial:   437.49, Net: Instr[7], Pin: _10365_/C_N, Layer: met3
Partial/Required:  1.09, Required:    400.0, Partial:   437.49, Net: Instr[7], Pin: _09911_/A, Layer: met3
Partial/Required:  1.09, Required:    400.0, Partial:   435.76, Net: _04746_, Pin: _12243_/A0, Layer: met3
Partial/Required:  1.09, Required:    400.0, Partial:   435.76, Net: _04746_, Pin: _10817_/A, Layer: met3
Partial/Required:  1.09, Required:    400.0, Partial:   435.76, Net: _04746_, Pin: _12300_/A0, Layer: met3
Partial/Required:  1.09, Required:    400.0, Partial:   435.76, Net: _04746_, Pin: _09922_/A, Layer: met3
Partial/Required:  1.09, Required:    400.0, Partial:   435.76, Net: _04746_, Pin: _11543_/A, Layer: met3
Partial/Required:  1.09, Required:    400.0, Partial:   434.85, Net: _01454_, Pin: _08385_/B1, Layer: met3
Partial/Required:  1.09, Required:    400.0, Partial:   434.85, Net: _01454_, Pin: _07896_/B1_N, Layer: met3
Partial/Required:  1.08, Required:    400.0, Partial:   432.67, Net: _04735_, Pin: _12241_/A0, Layer: met1
Partial/Required:  1.06, Required:    400.0, Partial:   423.66, Net: _01216_, Pin: _07924_/B1, Layer: met3
Partial/Required:  1.06, Required:    400.0, Partial:   423.66, Net: _01216_, Pin: _07359_/B1, Layer: met3
Partial/Required:  1.06, Required:    400.0, Partial:   422.89, Net: rvsingle.dp.rf.rf\[24\]\[13\], Pin: _10466_/A1, Layer: met1
Partial/Required:  1.05, Required:    400.0, Partial:   418.22, Net: rvsingle.dp.rf.rf\[19\]\[11\], Pin: hold189/A, Layer: met1
Partial/Required:  1.02, Required:    400.0, Partial:   409.54, Net: _01558_, Pin: _07873_/A1, Layer: met3
Partial/Required:  1.02, Required:    400.0, Partial:    408.6, Net: _04985_, Pin: _12163_/B2, Layer: met3
Partial/Required:  1.02, Required:    400.0, Partial:    408.6, Net: _04985_, Pin: _12167_/B2, Layer: met3
Partial/Required:  1.02, Required:    400.0, Partial:   407.44, Net: rvsingle.dp.rf.rf\[21\]\[13\], Pin: _10691_/A1, Layer: met1
Partial/Required:  1.01, Required:    400.0, Partial:   404.83, Net: _04741_, Pin: _09970_/S, Layer: met3
Partial/Required:  1.00, Required:    400.0, Partial:    401.9, Net: _05837_, Pin: _11763_/S, Layer: met3
