
===========================================================================
report_checks -unconstrained
===========================================================================
======================= Fastest Corner ===================================

Startpoint: reset (input port clocked by clk)
Endpoint: _13325_ (recovery check against rising-edge clock clk)
Path Group: asynchronous
Path Type: max
Corner: Fastest

Fanout     Cap    Slew   Delay    Time   Description
-----------------------------------------------------------------------------
                          0.00    0.00   clock clk (rise edge)
                          0.00    0.00   clock network delay (propagated)
                          4.00    4.00 v input external delay
                  0.08    0.06    4.06 v reset (in)
     5    0.05                           reset (net)
                  0.08    0.00    4.06 v _11871_/A (sky130_fd_sc_hd__buf_4)
                  0.07    0.16    4.22 v _11871_/X (sky130_fd_sc_hd__buf_4)
    10    0.07                           _05898_ (net)
                  0.07    0.00    4.23 v _12203_/A (sky130_fd_sc_hd__inv_2)
                  0.03    0.05    4.28 ^ _12203_/Y (sky130_fd_sc_hd__inv_2)
     1    0.00                           _00002_ (net)
                  0.03    0.00    4.28 ^ _13325_/RESET_B (sky130_fd_sc_hd__dfrtp_4)
                                  4.28   data arrival time

                         20.00   20.00   clock clk (rise edge)
                          0.00   20.00   clock source latency
                  0.30    0.20   20.20 ^ clk (in)
     2    0.09                           clk (net)
                  0.31    0.00   20.20 ^ clkbuf_0_clk/A (sky130_fd_sc_hd__clkbuf_16)
                  0.29    0.28   20.48 ^ clkbuf_0_clk/X (sky130_fd_sc_hd__clkbuf_16)
    16    0.36                           clknet_0_clk (net)
                  0.29    0.02   20.51 ^ clkbuf_4_12_0_clk/A (sky130_fd_sc_hd__clkbuf_8)
                  0.15    0.20   20.71 ^ clkbuf_4_12_0_clk/X (sky130_fd_sc_hd__clkbuf_8)
     7    0.11                           clknet_4_12_0_clk (net)
                  0.15    0.01   20.71 ^ _13325_/CLK (sky130_fd_sc_hd__dfrtp_4)
                         -0.25   20.46   clock uncertainty
                          0.00   20.46   clock reconvergence pessimism
                          0.15   20.61   library recovery time
                                 20.61   data required time
-----------------------------------------------------------------------------
                                 20.61   data required time
                                 -4.28   data arrival time
-----------------------------------------------------------------------------
                                 16.33   slack (MET)


Startpoint: Instr[21] (input port clocked by clk)
Endpoint: DataAdr[0] (output port clocked by clk)
Path Group: clk
Path Type: max
Corner: Fastest

Fanout     Cap    Slew   Delay    Time   Description
-----------------------------------------------------------------------------
                          0.00    0.00   clock clk (rise edge)
                          0.00    0.00   clock network delay (propagated)
                          4.00    4.00 ^ input external delay
                  0.51    0.39    4.39 ^ Instr[21] (in)
     9    0.15                           Instr[21] (net)
                  0.52    0.00    4.39 ^ _06179_/A (sky130_fd_sc_hd__buf_4)
                  0.18    0.22    4.61 ^ _06179_/X (sky130_fd_sc_hd__buf_4)
    10    0.08                           _01103_ (net)
                  0.18    0.01    4.61 ^ _06609_/A (sky130_fd_sc_hd__clkbuf_8)
                  0.22    0.25    4.87 ^ _06609_/X (sky130_fd_sc_hd__clkbuf_8)
    10    0.17                           _01530_ (net)
                  0.22    0.01    4.88 ^ _06610_/A (sky130_fd_sc_hd__buf_6)
                  0.29    0.26    5.14 ^ _06610_/X (sky130_fd_sc_hd__buf_6)
    14    0.19                           _01531_ (net)
                  0.29    0.03    5.17 ^ _08919_/A (sky130_fd_sc_hd__clkbuf_4)
                  0.18    0.25    5.42 ^ _08919_/X (sky130_fd_sc_hd__clkbuf_4)
    10    0.08                           _03840_ (net)
                  0.18    0.01    5.43 ^ _08929_/B1 (sky130_fd_sc_hd__o21ai_1)
                  0.06    0.04    5.47 v _08929_/Y (sky130_fd_sc_hd__o21ai_1)
     1    0.00                           _03850_ (net)
                  0.06    0.00    5.47 v _08932_/A2 (sky130_fd_sc_hd__o211ai_1)
                  0.15    0.16    5.63 ^ _08932_/Y (sky130_fd_sc_hd__o211ai_1)
     1    0.01                           _03853_ (net)
                  0.15    0.00    5.63 ^ _08933_/B1 (sky130_fd_sc_hd__o211ai_1)
                  0.06    0.05    5.68 v _08933_/Y (sky130_fd_sc_hd__o211ai_1)
     1    0.00                           _03854_ (net)
                  0.06    0.00    5.68 v _08934_/B (sky130_fd_sc_hd__nand3_1)
                  0.15    0.15    5.83 ^ _08934_/Y (sky130_fd_sc_hd__nand3_1)
     1    0.02                           _03855_ (net)
                  0.15    0.00    5.83 ^ _08958_/B1 (sky130_fd_sc_hd__o211a_4)
                  0.24    0.25    6.09 ^ _08958_/X (sky130_fd_sc_hd__o211a_4)
     2    0.10                           WriteData[25] (net)
                  0.24    0.01    6.10 ^ _08959_/B (sky130_fd_sc_hd__nand2_1)
                  0.07    0.08    6.17 v _08959_/Y (sky130_fd_sc_hd__nand2_1)
     3    0.01                           _03879_ (net)
                  0.07    0.00    6.17 v _08961_/C (sky130_fd_sc_hd__and3_1)
                  0.05    0.17    6.34 v _08961_/X (sky130_fd_sc_hd__and3_1)
     3    0.01                           _03881_ (net)
                  0.05    0.00    6.34 v _08989_/C (sky130_fd_sc_hd__or3_2)
                  0.07    0.28    6.61 v _08989_/X (sky130_fd_sc_hd__or3_2)
     4    0.01                           _03909_ (net)
                  0.07    0.00    6.62 v _09137_/A1 (sky130_fd_sc_hd__a21boi_1)
                  0.16    0.16    6.78 ^ _09137_/Y (sky130_fd_sc_hd__a21boi_1)
     2    0.01                           _04057_ (net)
                  0.16    0.00    6.78 ^ _09138_/B2 (sky130_fd_sc_hd__a221o_1)
                  0.10    0.15    6.93 ^ _09138_/X (sky130_fd_sc_hd__a221o_1)
     1    0.01                           _04058_ (net)
                  0.10    0.00    6.93 ^ _09139_/B1 (sky130_fd_sc_hd__a31oi_4)
                  0.11    0.05    6.99 v _09139_/Y (sky130_fd_sc_hd__a31oi_4)
     5    0.03                           _04059_ (net)
                  0.11    0.00    6.99 v _09140_/B2 (sky130_fd_sc_hd__o22ai_4)
                  0.15    0.15    7.14 ^ _09140_/Y (sky130_fd_sc_hd__o22ai_4)
     2    0.02                           _04060_ (net)
                  0.15    0.00    7.14 ^ _09143_/A (sky130_fd_sc_hd__nand2_4)
                  0.07    0.07    7.21 v _09143_/Y (sky130_fd_sc_hd__nand2_4)
     4    0.03                           _04063_ (net)
                  0.07    0.00    7.21 v _09200_/A2_N (sky130_fd_sc_hd__o2bb2ai_4)
                  0.07    0.10    7.31 v _09200_/Y (sky130_fd_sc_hd__o2bb2ai_4)
     2    0.02                           _04119_ (net)
                  0.07    0.00    7.31 v _09211_/A2 (sky130_fd_sc_hd__a21oi_4)
                  0.27    0.27    7.58 ^ _09211_/Y (sky130_fd_sc_hd__a21oi_4)
     2    0.05                           _04130_ (net)
                  0.27    0.00    7.58 ^ _09518_/A (sky130_fd_sc_hd__inv_2)
                  0.11    0.09    7.68 v _09518_/Y (sky130_fd_sc_hd__inv_2)
     1    0.04                           DataAdr[0] (net)
                  0.11    0.00    7.68 v DataAdr[0] (out)
                                  7.68   data arrival time

                         20.00   20.00   clock clk (rise edge)
                          0.00   20.00   clock network delay (propagated)
                         -0.25   19.75   clock uncertainty
                          0.00   19.75   clock reconvergence pessimism
                         -4.00   15.75   output external delay
                                 15.75   data required time
-----------------------------------------------------------------------------
                                 15.75   data required time
                                 -7.68   data arrival time
-----------------------------------------------------------------------------
                                  8.07   slack (MET)



======================= Slowest Corner ===================================

Startpoint: reset (input port clocked by clk)
Endpoint: _13325_ (recovery check against rising-edge clock clk)
Path Group: asynchronous
Path Type: max
Corner: Slowest

Fanout     Cap    Slew   Delay    Time   Description
-----------------------------------------------------------------------------
                          0.00    0.00   clock clk (rise edge)
                          0.00    0.00   clock network delay (propagated)
                          4.00    4.00 v input external delay
                  0.23    0.17    4.17 v reset (in)
     5    0.05                           reset (net)
                  0.23    0.00    4.17 v _11871_/A (sky130_fd_sc_hd__buf_4)
                  0.17    0.46    4.63 v _11871_/X (sky130_fd_sc_hd__buf_4)
    10    0.07                           _05898_ (net)
                  0.17    0.00    4.63 v _12203_/A (sky130_fd_sc_hd__inv_2)
                  0.06    0.12    4.75 ^ _12203_/Y (sky130_fd_sc_hd__inv_2)
     1    0.00                           _00002_ (net)
                  0.06    0.00    4.75 ^ _13325_/RESET_B (sky130_fd_sc_hd__dfrtp_4)
                                  4.75   data arrival time

                         20.00   20.00   clock clk (rise edge)
                          0.00   20.00   clock source latency
                  0.65    0.43   20.43 ^ clk (in)
     2    0.09                           clk (net)
                  0.65    0.00   20.43 ^ clkbuf_0_clk/A (sky130_fd_sc_hd__clkbuf_16)
                  0.55    0.77   21.21 ^ clkbuf_0_clk/X (sky130_fd_sc_hd__clkbuf_16)
    16    0.36                           clknet_0_clk (net)
                  0.56    0.02   21.23 ^ clkbuf_4_12_0_clk/A (sky130_fd_sc_hd__clkbuf_8)
                  0.30    0.58   21.81 ^ clkbuf_4_12_0_clk/X (sky130_fd_sc_hd__clkbuf_8)
     7    0.11                           clknet_4_12_0_clk (net)
                  0.30    0.01   21.81 ^ _13325_/CLK (sky130_fd_sc_hd__dfrtp_4)
                         -0.25   21.56   clock uncertainty
                          0.00   21.56   clock reconvergence pessimism
                          0.52   22.09   library recovery time
                                 22.09   data required time
-----------------------------------------------------------------------------
                                 22.09   data required time
                                 -4.75   data arrival time
-----------------------------------------------------------------------------
                                 17.34   slack (MET)


Startpoint: Instr[21] (input port clocked by clk)
Endpoint: DataAdr[0] (output port clocked by clk)
Path Group: clk
Path Type: max
Corner: Slowest

Fanout     Cap    Slew   Delay    Time   Description
-----------------------------------------------------------------------------
                          0.00    0.00   clock clk (rise edge)
                          0.00    0.00   clock network delay (propagated)
                          4.00    4.00 ^ input external delay
                  1.09    0.82    4.82 ^ Instr[21] (in)
     9    0.15                           Instr[21] (net)
                  1.10    0.00    4.82 ^ _06179_/A (sky130_fd_sc_hd__buf_4)
                  0.37    0.82    5.64 ^ _06179_/X (sky130_fd_sc_hd__buf_4)
    10    0.08                           _01103_ (net)
                  0.37    0.01    5.65 ^ _06609_/A (sky130_fd_sc_hd__clkbuf_8)
                  0.44    0.66    6.31 ^ _06609_/X (sky130_fd_sc_hd__clkbuf_8)
    10    0.16                           _01530_ (net)
                  0.44    0.01    6.33 ^ _06610_/A (sky130_fd_sc_hd__buf_6)
                  0.60    0.72    7.05 ^ _06610_/X (sky130_fd_sc_hd__buf_6)
    14    0.19                           _01531_ (net)
                  0.60    0.03    7.08 ^ _08919_/A (sky130_fd_sc_hd__clkbuf_4)
                  0.36    0.73    7.81 ^ _08919_/X (sky130_fd_sc_hd__clkbuf_4)
    10    0.07                           _03840_ (net)
                  0.36    0.01    7.82 ^ _08929_/B1 (sky130_fd_sc_hd__o21ai_1)
                  0.14    0.25    8.08 v _08929_/Y (sky130_fd_sc_hd__o21ai_1)
     1    0.00                           _03850_ (net)
                  0.14    0.00    8.08 v _08932_/A2 (sky130_fd_sc_hd__o211ai_1)
                  0.35    0.39    8.47 ^ _08932_/Y (sky130_fd_sc_hd__o211ai_1)
     1    0.01                           _03853_ (net)
                  0.35    0.00    8.47 ^ _08933_/B1 (sky130_fd_sc_hd__o211ai_1)
                  0.20    0.32    8.79 v _08933_/Y (sky130_fd_sc_hd__o211ai_1)
     1    0.00                           _03854_ (net)
                  0.20    0.00    8.79 v _08934_/B (sky130_fd_sc_hd__nand3_1)
                  0.32    0.37    9.16 ^ _08934_/Y (sky130_fd_sc_hd__nand3_1)
     1    0.02                           _03855_ (net)
                  0.32    0.00    9.17 ^ _08958_/B1 (sky130_fd_sc_hd__o211a_4)
                  0.50    0.80    9.96 ^ _08958_/X (sky130_fd_sc_hd__o211a_4)
     2    0.10                           WriteData[25] (net)
                  0.50    0.01    9.97 ^ _08959_/B (sky130_fd_sc_hd__nand2_1)
                  0.19    0.35   10.32 v _08959_/Y (sky130_fd_sc_hd__nand2_1)
     3    0.01                           _03879_ (net)
                  0.19    0.00   10.32 v _08961_/C (sky130_fd_sc_hd__and3_1)
                  0.14    0.52   10.84 v _08961_/X (sky130_fd_sc_hd__and3_1)
     3    0.01                           _03881_ (net)
                  0.14    0.00   10.84 v _08989_/C (sky130_fd_sc_hd__or3_2)
                  0.22    1.15   11.99 v _08989_/X (sky130_fd_sc_hd__or3_2)
     4    0.01                           _03909_ (net)
                  0.22    0.00   11.99 v _09137_/A1 (sky130_fd_sc_hd__a21boi_1)
                  0.37    0.44   12.43 ^ _09137_/Y (sky130_fd_sc_hd__a21boi_1)
     2    0.01                           _04057_ (net)
                  0.37    0.00   12.43 ^ _09138_/B2 (sky130_fd_sc_hd__a221o_1)
                  0.22    0.52   12.95 ^ _09138_/X (sky130_fd_sc_hd__a221o_1)
     1    0.01                           _04058_ (net)
                  0.22    0.00   12.95 ^ _09139_/B1 (sky130_fd_sc_hd__a31oi_4)
                  0.31    0.18   13.13 v _09139_/Y (sky130_fd_sc_hd__a31oi_4)
     5    0.03                           _04059_ (net)
                  0.31    0.00   13.13 v _09140_/B2 (sky130_fd_sc_hd__o22ai_4)
                  0.36    0.38   13.51 ^ _09140_/Y (sky130_fd_sc_hd__o22ai_4)
     2    0.02                           _04060_ (net)
                  0.36    0.00   13.51 ^ _09143_/A (sky130_fd_sc_hd__nand2_4)
                  0.18    0.28   13.79 v _09143_/Y (sky130_fd_sc_hd__nand2_4)
     4    0.03                           _04063_ (net)
                  0.18    0.00   13.79 v _09200_/A2_N (sky130_fd_sc_hd__o2bb2ai_4)
                  0.15    0.32   14.12 v _09200_/Y (sky130_fd_sc_hd__o2bb2ai_4)
     2    0.02                           _04119_ (net)
                  0.15    0.00   14.12 v _09211_/A2 (sky130_fd_sc_hd__a21oi_4)
                  0.58    0.62   14.74 ^ _09211_/Y (sky130_fd_sc_hd__a21oi_4)
     2    0.05                           _04130_ (net)
                  0.58    0.00   14.74 ^ _09518_/A (sky130_fd_sc_hd__inv_2)
                  0.22    0.39   15.13 v _09518_/Y (sky130_fd_sc_hd__inv_2)
     1    0.04                           DataAdr[0] (net)
                  0.22    0.00   15.13 v DataAdr[0] (out)
                                 15.13   data arrival time

                         20.00   20.00   clock clk (rise edge)
                          0.00   20.00   clock network delay (propagated)
                         -0.25   19.75   clock uncertainty
                          0.00   19.75   clock reconvergence pessimism
                         -4.00   15.75   output external delay
                                 15.75   data required time
-----------------------------------------------------------------------------
                                 15.75   data required time
                                -15.13   data arrival time
-----------------------------------------------------------------------------
                                  0.62   slack (MET)



======================= Typical Corner ===================================

Startpoint: reset (input port clocked by clk)
Endpoint: _13325_ (recovery check against rising-edge clock clk)
Path Group: asynchronous
Path Type: max
Corner: Typical

Fanout     Cap    Slew   Delay    Time   Description
-----------------------------------------------------------------------------
                          0.00    0.00   clock clk (rise edge)
                          0.00    0.00   clock network delay (propagated)
                          4.00    4.00 v input external delay
                  0.12    0.09    4.09 v reset (in)
     5    0.05                           reset (net)
                  0.12    0.00    4.09 v _11871_/A (sky130_fd_sc_hd__buf_4)
                  0.10    0.24    4.33 v _11871_/X (sky130_fd_sc_hd__buf_4)
    10    0.07                           _05898_ (net)
                  0.10    0.00    4.34 v _12203_/A (sky130_fd_sc_hd__inv_2)
                  0.04    0.07    4.41 ^ _12203_/Y (sky130_fd_sc_hd__inv_2)
     1    0.00                           _00002_ (net)
                  0.04    0.00    4.41 ^ _13325_/RESET_B (sky130_fd_sc_hd__dfrtp_4)
                                  4.41   data arrival time

                         20.00   20.00   clock clk (rise edge)
                          0.00   20.00   clock source latency
                  0.41    0.27   20.27 ^ clk (in)
     2    0.09                           clk (net)
                  0.41    0.00   20.27 ^ clkbuf_0_clk/A (sky130_fd_sc_hd__clkbuf_16)
                  0.37    0.42   20.69 ^ clkbuf_0_clk/X (sky130_fd_sc_hd__clkbuf_16)
    16    0.36                           clknet_0_clk (net)
                  0.38    0.02   20.72 ^ clkbuf_4_12_0_clk/A (sky130_fd_sc_hd__clkbuf_8)
                  0.19    0.31   21.03 ^ clkbuf_4_12_0_clk/X (sky130_fd_sc_hd__clkbuf_8)
     7    0.11                           clknet_4_12_0_clk (net)
                  0.19    0.01   21.04 ^ _13325_/CLK (sky130_fd_sc_hd__dfrtp_4)
                         -0.25   20.79   clock uncertainty
                          0.00   20.79   clock reconvergence pessimism
                          0.27   21.05   library recovery time
                                 21.05   data required time
-----------------------------------------------------------------------------
                                 21.05   data required time
                                 -4.41   data arrival time
-----------------------------------------------------------------------------
                                 16.64   slack (MET)


Startpoint: Instr[21] (input port clocked by clk)
Endpoint: DataAdr[0] (output port clocked by clk)
Path Group: clk
Path Type: max
Corner: Typical

Fanout     Cap    Slew   Delay    Time   Description
-----------------------------------------------------------------------------
                          0.00    0.00   clock clk (rise edge)
                          0.00    0.00   clock network delay (propagated)
                          4.00    4.00 ^ input external delay
                  0.68    0.52    4.52 ^ Instr[21] (in)
     9    0.15                           Instr[21] (net)
                  0.69    0.00    4.52 ^ _06179_/A (sky130_fd_sc_hd__buf_4)
                  0.24    0.40    4.91 ^ _06179_/X (sky130_fd_sc_hd__buf_4)
    10    0.08                           _01103_ (net)
                  0.24    0.01    4.92 ^ _06609_/A (sky130_fd_sc_hd__clkbuf_8)
                  0.29    0.38    5.29 ^ _06609_/X (sky130_fd_sc_hd__clkbuf_8)
    10    0.16                           _01530_ (net)
                  0.29    0.01    5.31 ^ _06610_/A (sky130_fd_sc_hd__buf_6)
                  0.38    0.40    5.71 ^ _06610_/X (sky130_fd_sc_hd__buf_6)
    14    0.19                           _01531_ (net)
                  0.38    0.03    5.74 ^ _08919_/A (sky130_fd_sc_hd__clkbuf_4)
                  0.23    0.39    6.13 ^ _08919_/X (sky130_fd_sc_hd__clkbuf_4)
    10    0.08                           _03840_ (net)
                  0.23    0.01    6.14 ^ _08929_/B1 (sky130_fd_sc_hd__o21ai_1)
                  0.08    0.11    6.25 v _08929_/Y (sky130_fd_sc_hd__o21ai_1)
     1    0.00                           _03850_ (net)
                  0.08    0.00    6.25 v _08932_/A2 (sky130_fd_sc_hd__o211ai_1)
                  0.21    0.22    6.48 ^ _08932_/Y (sky130_fd_sc_hd__o211ai_1)
     1    0.01                           _03853_ (net)
                  0.21    0.00    6.48 ^ _08933_/B1 (sky130_fd_sc_hd__o211ai_1)
                  0.11    0.14    6.62 v _08933_/Y (sky130_fd_sc_hd__o211ai_1)
     1    0.00                           _03854_ (net)
                  0.11    0.00    6.62 v _08934_/B (sky130_fd_sc_hd__nand3_1)
                  0.20    0.22    6.83 ^ _08934_/Y (sky130_fd_sc_hd__nand3_1)
     1    0.02                           _03855_ (net)
                  0.20    0.00    6.83 ^ _08958_/B1 (sky130_fd_sc_hd__o211a_4)
                  0.32    0.42    7.25 ^ _08958_/X (sky130_fd_sc_hd__o211a_4)
     2    0.10                           WriteData[25] (net)
                  0.32    0.01    7.26 ^ _08959_/B (sky130_fd_sc_hd__nand2_1)
                  0.10    0.15    7.41 v _08959_/Y (sky130_fd_sc_hd__nand2_1)
     3    0.01                           _03879_ (net)
                  0.10    0.00    7.41 v _08961_/C (sky130_fd_sc_hd__and3_1)
                  0.07    0.25    7.66 v _08961_/X (sky130_fd_sc_hd__and3_1)
     3    0.01                           _03881_ (net)
                  0.07    0.00    7.66 v _08989_/C (sky130_fd_sc_hd__or3_2)
                  0.11    0.49    8.15 v _08989_/X (sky130_fd_sc_hd__or3_2)
     4    0.01                           _03909_ (net)
                  0.11    0.00    8.15 v _09137_/A1 (sky130_fd_sc_hd__a21boi_1)
                  0.23    0.24    8.39 ^ _09137_/Y (sky130_fd_sc_hd__a21boi_1)
     2    0.01                           _04057_ (net)
                  0.23    0.00    8.39 ^ _09138_/B2 (sky130_fd_sc_hd__a221o_1)
                  0.14    0.26    8.65 ^ _09138_/X (sky130_fd_sc_hd__a221o_1)
     1    0.01                           _04058_ (net)
                  0.14    0.00    8.65 ^ _09139_/B1 (sky130_fd_sc_hd__a31oi_4)
                  0.16    0.09    8.74 v _09139_/Y (sky130_fd_sc_hd__a31oi_4)
     5    0.03                           _04059_ (net)
                  0.16    0.00    8.75 v _09140_/B2 (sky130_fd_sc_hd__o22ai_4)
                  0.22    0.22    8.96 ^ _09140_/Y (sky130_fd_sc_hd__o22ai_4)
     2    0.02                           _04060_ (net)
                  0.22    0.00    8.96 ^ _09143_/A (sky130_fd_sc_hd__nand2_4)
                  0.10    0.13    9.09 v _09143_/Y (sky130_fd_sc_hd__nand2_4)
     4    0.03                           _04063_ (net)
                  0.10    0.00    9.10 v _09200_/A2_N (sky130_fd_sc_hd__o2bb2ai_4)
                  0.09    0.17    9.27 v _09200_/Y (sky130_fd_sc_hd__o2bb2ai_4)
     2    0.02                           _04119_ (net)
                  0.09    0.00    9.27 v _09211_/A2 (sky130_fd_sc_hd__a21oi_4)
                  0.37    0.38    9.64 ^ _09211_/Y (sky130_fd_sc_hd__a21oi_4)
     2    0.05                           _04130_ (net)
                  0.37    0.00    9.65 ^ _09518_/A (sky130_fd_sc_hd__inv_2)
                  0.14    0.18    9.83 v _09518_/Y (sky130_fd_sc_hd__inv_2)
     1    0.04                           DataAdr[0] (net)
                  0.14    0.00    9.83 v DataAdr[0] (out)
                                  9.83   data arrival time

                         20.00   20.00   clock clk (rise edge)
                          0.00   20.00   clock network delay (propagated)
                         -0.25   19.75   clock uncertainty
                          0.00   19.75   clock reconvergence pessimism
                         -4.00   15.75   output external delay
                                 15.75   data required time
-----------------------------------------------------------------------------
                                 15.75   data required time
                                 -9.83   data arrival time
-----------------------------------------------------------------------------
                                  5.92   slack (MET)




===========================================================================
report_checks --slack_max -0.01
============================================================================
======================= Fastest Corner ===================================

No paths found.

======================= Slowest Corner ===================================

No paths found.

======================= Typical Corner ===================================

No paths found.


===========================================================================
 report_check_types -max_slew -max_cap -max_fanout -violators
============================================================================
======================= Fastest Corner ===================================

max fanout

Pin                                   Limit Fanout  Slack
---------------------------------------------------------
_06774_/X                                10     17     -7 (VIOLATED)
_06859_/X                                10     17     -7 (VIOLATED)
_06324_/X                                10     16     -6 (VIOLATED)
_06646_/X                                10     16     -6 (VIOLATED)
clkbuf_0_clk/X                           10     16     -6 (VIOLATED)
_06592_/X                                10     15     -5 (VIOLATED)
_06754_/X                                10     15     -5 (VIOLATED)
_10260_/X                                10     15     -5 (VIOLATED)
_10665_/X                                10     15     -5 (VIOLATED)
_06597_/X                                10     14     -4 (VIOLATED)
_06610_/X                                10     14     -4 (VIOLATED)
_06682_/X                                10     14     -4 (VIOLATED)
_06737_/X                                10     14     -4 (VIOLATED)
_10367_/X                                10     14     -4 (VIOLATED)
_10405_/X                                10     14     -4 (VIOLATED)
clkbuf_leaf_115_clk/X                    10     14     -4 (VIOLATED)
clkbuf_leaf_141_clk/X                    10     14     -4 (VIOLATED)
clkbuf_leaf_48_clk/X                     10     14     -4 (VIOLATED)
_06224_/X                                10     13     -3 (VIOLATED)
_06332_/X                                10     13     -3 (VIOLATED)
_06505_/X                                10     13     -3 (VIOLATED)
_06578_/X                                10     13     -3 (VIOLATED)
_06599_/X                                10     13     -3 (VIOLATED)
_06842_/X                                10     13     -3 (VIOLATED)
_07084_/X                                10     13     -3 (VIOLATED)
_07367_/X                                10     13     -3 (VIOLATED)
_09534_/Y                                10     13     -3 (VIOLATED)
_10216_/X                                10     13     -3 (VIOLATED)
_12029_/X                                10     13     -3 (VIOLATED)
clkbuf_4_9_0_clk/X                       10     13     -3 (VIOLATED)
clkbuf_leaf_114_clk/X                    10     13     -3 (VIOLATED)
clkbuf_leaf_140_clk/X                    10     13     -3 (VIOLATED)
clkbuf_leaf_142_clk/X                    10     13     -3 (VIOLATED)
clkbuf_leaf_143_clk/X                    10     13     -3 (VIOLATED)
clkbuf_leaf_34_clk/X                     10     13     -3 (VIOLATED)
clkbuf_leaf_36_clk/X                     10     13     -3 (VIOLATED)
clkbuf_leaf_52_clk/X                     10     13     -3 (VIOLATED)
ReadData[0]                              10     12     -2 (VIOLATED)
_06173_/X                                10     12     -2 (VIOLATED)
_06292_/X                                10     12     -2 (VIOLATED)
_06512_/X                                10     12     -2 (VIOLATED)
_06516_/X                                10     12     -2 (VIOLATED)
_06674_/X                                10     12     -2 (VIOLATED)
_06684_/X                                10     12     -2 (VIOLATED)
_06690_/X                                10     12     -2 (VIOLATED)
_06739_/X                                10     12     -2 (VIOLATED)
_06786_/X                                10     12     -2 (VIOLATED)
_06805_/X                                10     12     -2 (VIOLATED)
_06907_/X                                10     12     -2 (VIOLATED)
_06941_/X                                10     12     -2 (VIOLATED)
_06956_/X                                10     12     -2 (VIOLATED)
_07109_/X                                10     12     -2 (VIOLATED)
_10025_/X                                10     12     -2 (VIOLATED)
_11069_/X                                10     12     -2 (VIOLATED)
_11128_/X                                10     12     -2 (VIOLATED)
_11621_/X                                10     12     -2 (VIOLATED)
clkbuf_leaf_101_clk/X                    10     12     -2 (VIOLATED)
clkbuf_leaf_2_clk/X                      10     12     -2 (VIOLATED)
clkbuf_leaf_67_clk/X                     10     12     -2 (VIOLATED)
Instr[8]                                 10     11        (VIOLATED)
ReadData[5]                              10     11        (VIOLATED)
_06295_/X                                10     11        (VIOLATED)
_06387_/X                                10     11        (VIOLATED)
_06413_/X                                10     11        (VIOLATED)
_06499_/X                                10     11        (VIOLATED)
_06501_/X                                10     11        (VIOLATED)
_06506_/X                                10     11        (VIOLATED)
_06566_/X                                10     11        (VIOLATED)
_06571_/X                                10     11        (VIOLATED)
_06572_/X                                10     11        (VIOLATED)
_06618_/X                                10     11        (VIOLATED)
_06624_/X                                10     11        (VIOLATED)
_06637_/X                                10     11        (VIOLATED)
_06699_/X                                10     11        (VIOLATED)
_06778_/X                                10     11        (VIOLATED)
_06790_/X                                10     11        (VIOLATED)
_06823_/X                                10     11        (VIOLATED)
_06848_/X                                10     11        (VIOLATED)
_06856_/X                                10     11        (VIOLATED)
_06887_/X                                10     11        (VIOLATED)
_06932_/X                                10     11        (VIOLATED)
_06980_/X                                10     11        (VIOLATED)
_07110_/X                                10     11        (VIOLATED)
_07255_/X                                10     11        (VIOLATED)
_09915_/X                                10     11        (VIOLATED)
_10093_/X                                10     11        (VIOLATED)
_10373_/X                                10     11        (VIOLATED)
_10379_/X                                10     11        (VIOLATED)
_10780_/X                                10     11        (VIOLATED)
_11547_/X                                10     11        (VIOLATED)
_11753_/X                                10     11        (VIOLATED)
_12153_/X                                10     11        (VIOLATED)
clkbuf_4_4_0_clk/X                       10     11        (VIOLATED)
clkbuf_4_7_0_clk/X                       10     11        (VIOLATED)
clkbuf_4_8_0_clk/X                       10     11        (VIOLATED)
clkbuf_leaf_108_clk/X                    10     11        (VIOLATED)
clkbuf_leaf_113_clk/X                    10     11        (VIOLATED)
clkbuf_leaf_116_clk/X                    10     11        (VIOLATED)
clkbuf_leaf_150_clk/X                    10     11        (VIOLATED)
clkbuf_leaf_33_clk/X                     10     11        (VIOLATED)
clkbuf_leaf_37_clk/X                     10     11        (VIOLATED)
clkbuf_leaf_50_clk/X                     10     11        (VIOLATED)
clkbuf_leaf_51_clk/X                     10     11        (VIOLATED)
clkbuf_leaf_57_clk/X                     10     11        (VIOLATED)
clkbuf_leaf_71_clk/X                     10     11        (VIOLATED)


======================= Slowest Corner ===================================

max slew

Pin                                    Limit    Slew   Slack
------------------------------------------------------------
DataAdr[23]                             0.75    1.51   -0.76 (VIOLATED)
_09257_/A                               0.75    1.51   -0.76 (VIOLATED)
_10052_/B                               0.75    1.51   -0.76 (VIOLATED)
_09256_/Y                               0.75    1.51   -0.76 (VIOLATED)
_09490_/A                               0.75    1.50   -0.75 (VIOLATED)
ANTENNA_189/DIODE                       0.75    1.50   -0.75 (VIOLATED)
_07091_/B2                              0.75    1.50   -0.75 (VIOLATED)
_07092_/A                               0.75    1.50   -0.75 (VIOLATED)
_07090_/Y                               0.75    1.50   -0.75 (VIOLATED)
DataAdr[3]                              0.75    1.39   -0.64 (VIOLATED)
_09928_/A0                              0.75    1.39   -0.64 (VIOLATED)
_09442_/A                               0.75    1.39   -0.64 (VIOLATED)
_09429_/Y                               0.75    1.39   -0.64 (VIOLATED)
_07095_/A2                              0.75    1.38   -0.63 (VIOLATED)
_07038_/B                               0.75    1.38   -0.63 (VIOLATED)
_07021_/Y                               0.75    1.38   -0.63 (VIOLATED)
DataAdr[16]                             0.75    1.38   -0.63 (VIOLATED)
load_slew1/A                            0.75    1.38   -0.63 (VIOLATED)
_09413_/Y                               0.75    1.38   -0.63 (VIOLATED)
_12337_/A0                              0.75    1.32   -0.57 (VIOLATED)
_11845_/A0                              0.75    1.32   -0.57 (VIOLATED)
_10943_/A                               0.75    1.32   -0.57 (VIOLATED)
_10033_/A                               0.75    1.32   -0.57 (VIOLATED)
_11918_/A0                              0.75    1.32   -0.57 (VIOLATED)
_12271_/A0                              0.75    1.32   -0.57 (VIOLATED)
_12123_/A0                              0.75    1.32   -0.57 (VIOLATED)
_11587_/A                               0.75    1.32   -0.57 (VIOLATED)
_11154_/D_N                             0.75    1.32   -0.57 (VIOLATED)
_10263_/B                               0.75    1.32   -0.57 (VIOLATED)
_10032_/Y                               0.75    1.32   -0.57 (VIOLATED)
_09495_/A                               0.75    1.29   -0.54 (VIOLATED)
ANTENNA_196/DIODE                       0.75    1.29   -0.54 (VIOLATED)
_08724_/B2                              0.75    1.29   -0.54 (VIOLATED)
_08723_/Y                               0.75    1.29   -0.54 (VIOLATED)
_07395_/B                               0.75    1.28   -0.53 (VIOLATED)
ANTENNA_281/DIODE                       0.75    1.28   -0.53 (VIOLATED)
_07545_/B                               0.75    1.28   -0.53 (VIOLATED)
ANTENNA_282/DIODE                       0.75    1.28   -0.53 (VIOLATED)
_07393_/Y                               0.75    1.28   -0.53 (VIOLATED)
_10048_/A                               0.75    1.27   -0.52 (VIOLATED)
_10783_/A                               0.75    1.27   -0.52 (VIOLATED)
_11850_/A0                              0.75    1.27   -0.52 (VIOLATED)
_12342_/A0                              0.75    1.27   -0.52 (VIOLATED)
_12058_/A0                              0.75    1.27   -0.52 (VIOLATED)
_11923_/A0                              0.75    1.27   -0.52 (VIOLATED)
_11992_/A0                              0.75    1.27   -0.52 (VIOLATED)
_12127_/A0                              0.75    1.27   -0.52 (VIOLATED)
_11591_/A                               0.75    1.27   -0.52 (VIOLATED)
_10565_/C1                              0.75    1.27   -0.52 (VIOLATED)
_10047_/Y                               0.75    1.27   -0.52 (VIOLATED)
DataAdr[9]                              0.75    1.27   -0.52 (VIOLATED)
_09962_/A0                              0.75    1.27   -0.52 (VIOLATED)
_09453_/C                               0.75    1.27   -0.52 (VIOLATED)
_09419_/Y                               0.75    1.27   -0.52 (VIOLATED)
DataAdr[18]                             0.75    1.26   -0.51 (VIOLATED)
_09378_/A                               0.75    1.26   -0.51 (VIOLATED)
_10017_/A0                              0.75    1.26   -0.51 (VIOLATED)
_09377_/Y                               0.75    1.26   -0.51 (VIOLATED)
ANTENNA_75/DIODE                        0.75    1.21   -0.46 (VIOLATED)
ANTENNA_71/DIODE                        0.75    1.21   -0.46 (VIOLATED)
ANTENNA_73/DIODE                        0.75    1.21   -0.46 (VIOLATED)
_10058_/A1                              0.75    1.21   -0.46 (VIOLATED)
ANTENNA_70/DIODE                        0.75    1.21   -0.46 (VIOLATED)
ANTENNA_72/DIODE                        0.75    1.21   -0.46 (VIOLATED)
ANTENNA_74/DIODE                        0.75    1.21   -0.46 (VIOLATED)
ANTENNA_77/DIODE                        0.75    1.21   -0.46 (VIOLATED)
ANTENNA_76/DIODE                        0.75    1.21   -0.46 (VIOLATED)
ReadData[24]                            0.75    1.21   -0.46 (VIOLATED)
_09496_/A                               0.75    1.20   -0.45 (VIOLATED)
_08533_/A1                              0.75    1.20   -0.45 (VIOLATED)
_08534_/A1                              0.75    1.20   -0.45 (VIOLATED)
_08532_/Y                               0.75    1.20   -0.45 (VIOLATED)
_09967_/A1                              0.75    1.18   -0.43 (VIOLATED)
ANTENNA_49/DIODE                        0.75    1.18   -0.43 (VIOLATED)
ReadData[10]                            0.75    1.18   -0.43 (VIOLATED)
_09492_/A                               0.75    1.15   -0.40 (VIOLATED)
ANTENNA_278/DIODE                       0.75    1.15   -0.40 (VIOLATED)
_07230_/B2                              0.75    1.15   -0.40 (VIOLATED)
_08840_/A1                              0.75    1.15   -0.40 (VIOLATED)
_07229_/Y                               0.75    1.15   -0.40 (VIOLATED)
_08123_/A                               0.75    1.12   -0.37 (VIOLATED)
_10213_/B                               0.75    1.12   -0.37 (VIOLATED)
_10516_/A                               0.75    1.12   -0.37 (VIOLATED)
ANTENNA_35/DIODE                        0.75    1.12   -0.37 (VIOLATED)
_10365_/A                               0.75    1.12   -0.37 (VIOLATED)
ANTENNA_34/DIODE                        0.75    1.12   -0.37 (VIOLATED)
_10124_/A                               0.75    1.12   -0.37 (VIOLATED)
ANTENNA_33/DIODE                        0.75    1.12   -0.37 (VIOLATED)
_09900_/B                               0.75    1.12   -0.37 (VIOLATED)
_09913_/A                               0.75    1.12   -0.37 (VIOLATED)
ANTENNA_32/DIODE                        0.75    1.12   -0.37 (VIOLATED)
Instr[8]                                0.75    1.12   -0.37 (VIOLATED)
_06179_/A                               0.75    1.10   -0.35 (VIOLATED)
_06167_/A                               0.75    1.10   -0.35 (VIOLATED)
ANTENNA_26/DIODE                        0.75    1.10   -0.35 (VIOLATED)
_06689_/A                               0.75    1.10   -0.35 (VIOLATED)
ANTENNA_28/DIODE                        0.75    1.10   -0.35 (VIOLATED)
ANTENNA_27/DIODE                        0.75    1.10   -0.35 (VIOLATED)
_06225_/B                               0.75    1.10   -0.35 (VIOLATED)
_06335_/A                               0.75    1.09   -0.34 (VIOLATED)
ANTENNA_25/DIODE                        0.75    1.09   -0.34 (VIOLATED)
_08240_/B1                              0.75    1.09   -0.34 (VIOLATED)
_08239_/Y                               0.75    1.09   -0.34 (VIOLATED)
Instr[21]                               0.75    1.09   -0.34 (VIOLATED)
ANTENNA_58/DIODE                        0.75    1.09   -0.34 (VIOLATED)
_10005_/A1                              0.75    1.09   -0.34 (VIOLATED)
ReadData[16]                            0.75    1.09   -0.34 (VIOLATED)
_12325_/A0                              0.75    1.07   -0.32 (VIOLATED)
_10930_/A                               0.75    1.07   -0.32 (VIOLATED)
_09995_/A                               0.75    1.07   -0.32 (VIOLATED)
_12042_/A0                              0.75    1.07   -0.32 (VIOLATED)
_12110_/A0                              0.75    1.07   -0.32 (VIOLATED)
_11976_/A0                              0.75    1.07   -0.32 (VIOLATED)
_11906_/A0                              0.75    1.07   -0.32 (VIOLATED)
_11575_/C_N                             0.75    1.07   -0.32 (VIOLATED)
_10849_/D_N                             0.75    1.07   -0.32 (VIOLATED)
_09994_/Y                               0.75    1.07   -0.32 (VIOLATED)
_11990_/A0                              0.75    1.06   -0.31 (VIOLATED)
_11921_/A0                              0.75    1.06   -0.31 (VIOLATED)
_11780_/A0                              0.75    1.06   -0.31 (VIOLATED)
_10040_/A                               0.75    1.06   -0.31 (VIOLATED)
_11848_/A0                              0.75    1.06   -0.31 (VIOLATED)
_12340_/A0                              0.75    1.06   -0.31 (VIOLATED)
_12125_/A0                              0.75    1.06   -0.31 (VIOLATED)
_11716_/A0                              0.75    1.05   -0.30 (VIOLATED)
_10946_/A                               0.75    1.05   -0.30 (VIOLATED)
_12056_/A0                              0.75    1.05   -0.30 (VIOLATED)
_10039_/Y                               0.75    1.05   -0.30 (VIOLATED)
ANTENNA_46/DIODE                        0.75    1.05   -0.30 (VIOLATED)
ANTENNA_42/DIODE                        0.75    1.05   -0.30 (VIOLATED)
ANTENNA_44/DIODE                        0.75    1.05   -0.30 (VIOLATED)
ANTENNA_40/DIODE                        0.75    1.05   -0.30 (VIOLATED)
ANTENNA_38/DIODE                        0.75    1.05   -0.30 (VIOLATED)
_09887_/A_N                             0.75    1.05   -0.30 (VIOLATED)
ANTENNA_39/DIODE                        0.75    1.05   -0.30 (VIOLATED)
ANTENNA_41/DIODE                        0.75    1.05   -0.30 (VIOLATED)
ANTENNA_43/DIODE                        0.75    1.05   -0.30 (VIOLATED)
ANTENNA_45/DIODE                        0.75    1.05   -0.30 (VIOLATED)
ANTENNA_47/DIODE                        0.75    1.05   -0.30 (VIOLATED)
ANTENNA_48/DIODE                        0.75    1.05   -0.30 (VIOLATED)
ReadData[0]                             0.75    1.05   -0.30 (VIOLATED)
_11870_/A2                              0.75    1.05   -0.30 (VIOLATED)
_11869_/B1                              0.75    1.05   -0.30 (VIOLATED)
_11802_/B                               0.75    1.05   -0.30 (VIOLATED)
_11803_/A2                              0.75    1.05   -0.30 (VIOLATED)
_11801_/Y                               0.75    1.05   -0.30 (VIOLATED)
_06156_/A                               0.75    1.04   -0.29 (VIOLATED)
_06144_/B                               0.75    1.04   -0.29 (VIOLATED)
_06139_/A                               0.75    1.04   -0.29 (VIOLATED)
_06250_/A                               0.75    1.04   -0.29 (VIOLATED)
_06146_/A                               0.75    1.04   -0.29 (VIOLATED)
Instr[1]                                0.75    1.03   -0.28 (VIOLATED)
_07176_/B1                              0.75    1.02   -0.27 (VIOLATED)
ANTENNA_121/DIODE                       0.75    1.02   -0.27 (VIOLATED)
_06532_/B1                              0.75    1.02   -0.27 (VIOLATED)
ANTENNA_120/DIODE                       0.75    1.02   -0.27 (VIOLATED)
_07548_/A                               0.75    1.02   -0.27 (VIOLATED)
_07938_/B1                              0.75    1.02   -0.27 (VIOLATED)
_08128_/A1                              0.75    1.02   -0.27 (VIOLATED)
ANTENNA_122/DIODE                       0.75    1.02   -0.27 (VIOLATED)
_08647_/B1                              0.75    1.02   -0.27 (VIOLATED)
_08592_/A                               0.75    1.02   -0.27 (VIOLATED)
_06531_/Y                               0.75    1.02   -0.27 (VIOLATED)
_07992_/B1                              0.75    1.01   -0.26 (VIOLATED)
_09644_/A1                              0.75    1.01   -0.26 (VIOLATED)
_10213_/A                               0.75    1.01   -0.26 (VIOLATED)
_11320_/A2                              0.75    1.01   -0.26 (VIOLATED)
_11319_/B1                              0.75    1.01   -0.26 (VIOLATED)
_11252_/B                               0.75    1.01   -0.26 (VIOLATED)
_11253_/A2                              0.75    1.01   -0.26 (VIOLATED)
_11251_/Y                               0.75    1.01   -0.26 (VIOLATED)
_10516_/D_N                             0.75    1.01   -0.26 (VIOLATED)
_10365_/C_N                             0.75    1.01   -0.26 (VIOLATED)
_10358_/B_N                             0.75    1.01   -0.26 (VIOLATED)
_09911_/A                               0.75    1.01   -0.26 (VIOLATED)
_09900_/A_N                             0.75    1.01   -0.26 (VIOLATED)
Instr[7]                                0.75    1.01   -0.26 (VIOLATED)
_09762_/A                               0.75    1.01   -0.26 (VIOLATED)
_09751_/A                               0.75    1.01   -0.26 (VIOLATED)
_09753_/A                               0.75    1.01   -0.26 (VIOLATED)
_09645_/A1                              0.75    1.01   -0.26 (VIOLATED)
_06562_/A                               0.75    1.01   -0.26 (VIOLATED)
_06248_/B1                              0.75    1.01   -0.26 (VIOLATED)
_08907_/A2                              0.75    1.00   -0.25 (VIOLATED)
_09059_/A1                              0.75    1.00   -0.25 (VIOLATED)
Instr[31]                               0.75    1.00   -0.25 (VIOLATED)
DataAdr[12]                             0.75    0.99   -0.24 (VIOLATED)
_09453_/A                               0.75    0.99   -0.24 (VIOLATED)
ANTENNA_247/DIODE                       0.75    0.99   -0.24 (VIOLATED)
_09978_/A0                              0.75    0.99   -0.24 (VIOLATED)
_09409_/Y                               0.75    0.99   -0.24 (VIOLATED)
_10085_/B1_N                            0.75    0.98   -0.23 (VIOLATED)
ANTENNA_207/DIODE                       0.75    0.98   -0.23 (VIOLATED)
_10084_/Y                               0.75    0.98   -0.23 (VIOLATED)
_09504_/B1                              0.75    0.97   -0.22 (VIOLATED)
_08360_/D                               0.75    0.97   -0.22 (VIOLATED)
_08359_/Y                               0.75    0.97   -0.22 (VIOLATED)
_07395_/A                               0.75    0.95   -0.20 (VIOLATED)
_07545_/A                               0.75    0.95   -0.20 (VIOLATED)
_07380_/Y                               0.75    0.95   -0.20 (VIOLATED)
_09525_/A                               0.75    0.93   -0.18 (VIOLATED)
_09358_/C                               0.75    0.93   -0.18 (VIOLATED)
_09984_/B1                              0.75    0.93   -0.18 (VIOLATED)
_09352_/Y                               0.75    0.93   -0.18 (VIOLATED)
_09559_/A1                              0.75    0.91   -0.16 (VIOLATED)
_07650_/A1                              0.75    0.91   -0.16 (VIOLATED)
_07611_/A1                              0.75    0.91   -0.16 (VIOLATED)
_10514_/A                               0.75    0.91   -0.16 (VIOLATED)
ANTENNA_22/DIODE                        0.75    0.91   -0.16 (VIOLATED)
_09895_/A                               0.75    0.91   -0.16 (VIOLATED)
ANTENNA_21/DIODE                        0.75    0.91   -0.16 (VIOLATED)
Instr[11]                               0.75    0.91   -0.16 (VIOLATED)
_06666_/A                               0.75    0.90   -0.15 (VIOLATED)
_06977_/B                               0.75    0.90   -0.15 (VIOLATED)
_06883_/B                               0.75    0.90   -0.15 (VIOLATED)
_06660_/A                               0.75    0.90   -0.15 (VIOLATED)
_08807_/C1                              0.75    0.90   -0.15 (VIOLATED)
_08724_/C1                              0.75    0.90   -0.15 (VIOLATED)
_08810_/B1                              0.75    0.90   -0.15 (VIOLATED)
_08191_/C1                              0.75    0.90   -0.15 (VIOLATED)
_08308_/C1                              0.75    0.90   -0.15 (VIOLATED)
_06659_/Y                               0.75    0.90   -0.15 (VIOLATED)
_07743_/A1                              0.75    0.89   -0.14 (VIOLATED)
_07688_/B                               0.75    0.89   -0.14 (VIOLATED)
_09611_/A1                              0.75    0.89   -0.14 (VIOLATED)
_09589_/A1                              0.75    0.89   -0.14 (VIOLATED)
_09587_/A1                              0.75    0.89   -0.14 (VIOLATED)
_09580_/A                               0.75    0.89   -0.14 (VIOLATED)
_09586_/A1                              0.75    0.89   -0.14 (VIOLATED)
_09579_/A                               0.75    0.89   -0.14 (VIOLATED)
Instr[25]                               0.75    0.89   -0.14 (VIOLATED)
_08592_/C_N                             0.75    0.87   -0.12 (VIOLATED)
_08645_/B1                              0.75    0.87   -0.12 (VIOLATED)
_08591_/Y                               0.75    0.87   -0.12 (VIOLATED)
_09398_/B1                              0.75    0.87   -0.12 (VIOLATED)
_09417_/B1                              0.75    0.87   -0.12 (VIOLATED)
_09434_/B1                              0.75    0.87   -0.12 (VIOLATED)
_09432_/B1                              0.75    0.87   -0.12 (VIOLATED)
_09302_/B1                              0.75    0.87   -0.12 (VIOLATED)
_09374_/B1                              0.75    0.87   -0.12 (VIOLATED)
_09208_/B1                              0.75    0.87   -0.12 (VIOLATED)
_09206_/Y                               0.75    0.87   -0.12 (VIOLATED)
_08261_/C                               0.75    0.87   -0.12 (VIOLATED)
_08260_/Y                               0.75    0.87   -0.12 (VIOLATED)
_07986_/A2                              0.75    0.86   -0.11 (VIOLATED)
_08043_/A                               0.75    0.86   -0.11 (VIOLATED)
_09474_/B                               0.75    0.86   -0.11 (VIOLATED)
_07964_/Y                               0.75    0.86   -0.11 (VIOLATED)
ANTENNA_54/DIODE                        0.75    0.86   -0.11 (VIOLATED)
_09978_/A1                              0.75    0.86   -0.11 (VIOLATED)
ANTENNA_52/DIODE                        0.75    0.86   -0.11 (VIOLATED)
ANTENNA_51/DIODE                        0.75    0.86   -0.11 (VIOLATED)
ANTENNA_53/DIODE                        0.75    0.86   -0.11 (VIOLATED)
ANTENNA_55/DIODE                        0.75    0.86   -0.11 (VIOLATED)
ReadData[12]                            0.75    0.86   -0.11 (VIOLATED)
_09947_/A1                              0.75    0.85   -0.10 (VIOLATED)
ANTENNA_97/DIODE                        0.75    0.85   -0.10 (VIOLATED)
ReadData[6]                             0.75    0.84   -0.09 (VIOLATED)
_09919_/A3                              0.75    0.84   -0.09 (VIOLATED)
ANTENNA_83/DIODE                        0.75    0.84   -0.09 (VIOLATED)
ReadData[2]                             0.75    0.84   -0.09 (VIOLATED)
_11187_/A                               0.75    0.84   -0.09 (VIOLATED)
_09931_/A                               0.75    0.84   -0.09 (VIOLATED)
_10224_/B                               0.75    0.84   -0.09 (VIOLATED)
_10820_/D_N                             0.75    0.84   -0.09 (VIOLATED)
_11550_/A                               0.75    0.83   -0.08 (VIOLATED)
_12302_/A0                              0.75    0.83   -0.08 (VIOLATED)
_12087_/A0                              0.75    0.83   -0.08 (VIOLATED)
_10524_/C1                              0.75    0.83   -0.08 (VIOLATED)
_09930_/Y                               0.75    0.83   -0.08 (VIOLATED)
_10029_/B1                              0.75    0.82   -0.07 (VIOLATED)
ANTENNA_67/DIODE                        0.75    0.82   -0.07 (VIOLATED)
ReadData[20]                            0.75    0.82   -0.07 (VIOLATED)
_06149_/A2                              0.75    0.82   -0.07 (VIOLATED)
max_cap7/A                              0.75    0.82   -0.07 (VIOLATED)
_06145_/Y                               0.75    0.82   -0.07 (VIOLATED)
_08728_/B1                              0.75    0.82   -0.07 (VIOLATED)
_08727_/A3                              0.75    0.82   -0.07 (VIOLATED)
_08676_/Y                               0.75    0.82   -0.07 (VIOLATED)
_08480_/A                               0.75    0.82   -0.07 (VIOLATED)
_08397_/B                               0.75    0.82   -0.07 (VIOLATED)
_09634_/A                               0.75    0.82   -0.07 (VIOLATED)
ANTENNA_31/DIODE                        0.75    0.82   -0.07 (VIOLATED)
ANTENNA_29/DIODE                        0.75    0.82   -0.07 (VIOLATED)
_09620_/A                               0.75    0.82   -0.07 (VIOLATED)
_09621_/A                               0.75    0.82   -0.07 (VIOLATED)
ANTENNA_30/DIODE                        0.75    0.82   -0.07 (VIOLATED)
Instr[29]                               0.75    0.82   -0.07 (VIOLATED)
_09460_/A                               0.75    0.82   -0.07 (VIOLATED)
_09813_/A                               0.75    0.82   -0.07 (VIOLATED)
_09788_/A                               0.75    0.82   -0.07 (VIOLATED)
_09838_/A                               0.75    0.82   -0.07 (VIOLATED)
_09860_/A                               0.75    0.82   -0.07 (VIOLATED)
_09871_/A                               0.75    0.82   -0.07 (VIOLATED)
_09541_/A                               0.75    0.82   -0.07 (VIOLATED)
_09641_/A                               0.75    0.82   -0.07 (VIOLATED)
_09583_/A                               0.75    0.82   -0.07 (VIOLATED)
_09467_/B1                              0.75    0.82   -0.07 (VIOLATED)
_09459_/Y                               0.75    0.81   -0.06 (VIOLATED)
_09914_/C_N                             0.75    0.81   -0.06 (VIOLATED)
_12081_/D_N                             0.75    0.81   -0.06 (VIOLATED)
_09899_/A                               0.75    0.81   -0.06 (VIOLATED)
_10809_/A                               0.75    0.81   -0.06 (VIOLATED)
_09898_/Y                               0.75    0.81   -0.06 (VIOLATED)
_12148_/B                               0.75    0.81   -0.06 (VIOLATED)
PC[3]                                   0.75    0.80   -0.05 (VIOLATED)
_07144_/C1                              0.75    0.79   -0.04 (VIOLATED)
_07146_/A                               0.75    0.79   -0.04 (VIOLATED)
_07143_/Y                               0.75    0.79   -0.04 (VIOLATED)
_06283_/A                               0.75    0.79   -0.04 (VIOLATED)
_06249_/A                               0.75    0.79   -0.04 (VIOLATED)
_06428_/B                               0.75    0.79   -0.04 (VIOLATED)
_06322_/A                               0.75    0.79   -0.04 (VIOLATED)
Instr[17]                               0.75    0.79   -0.04 (VIOLATED)
_09577_/A2                              0.75    0.79   -0.04 (VIOLATED)
_09550_/B                               0.75    0.79   -0.04 (VIOLATED)
_09552_/A                               0.75    0.79   -0.04 (VIOLATED)
_09592_/A2                              0.75    0.79   -0.04 (VIOLATED)
_09551_/A                               0.75    0.79   -0.04 (VIOLATED)
_09566_/B                               0.75    0.79   -0.04 (VIOLATED)
_09562_/A1                              0.75    0.79   -0.04 (VIOLATED)
_09569_/A2                              0.75    0.79   -0.04 (VIOLATED)
_13326_/Q                               0.75    0.79   -0.04 (VIOLATED)
_07160_/B1                              0.75    0.78   -0.03 (VIOLATED)
_07178_/B1                              0.75    0.78   -0.03 (VIOLATED)
_07159_/Y                               0.75    0.78   -0.03 (VIOLATED)
_07344_/A                               0.75    0.78   -0.03 (VIOLATED)
_09411_/A1                              0.75    0.78   -0.03 (VIOLATED)
_09334_/A                               0.75    0.78   -0.03 (VIOLATED)
_08843_/A1                              0.75    0.78   -0.03 (VIOLATED)
_07290_/Y                               0.75    0.78   -0.03 (VIOLATED)
_06136_/A_N                             0.75    0.78   -0.03 (VIOLATED)
_09198_/A                               0.75    0.78   -0.03 (VIOLATED)
_09661_/A1                              0.75    0.78   -0.03 (VIOLATED)
_06140_/A2                              0.75    0.78   -0.03 (VIOLATED)
_06158_/A1                              0.75    0.78   -0.03 (VIOLATED)
_06254_/A1                              0.75    0.78   -0.03 (VIOLATED)
_06144_/D                               0.75    0.78   -0.03 (VIOLATED)
_06152_/B_N                             0.75    0.78   -0.03 (VIOLATED)
_06246_/A                               0.75    0.78   -0.03 (VIOLATED)
Instr[5]                                0.75    0.78   -0.03 (VIOLATED)
Instr[12]                               0.75    0.77   -0.02 (VIOLATED)
_06200_/A                               0.75    0.77   -0.02 (VIOLATED)
_06685_/A                               0.75    0.77   -0.02 (VIOLATED)
_06831_/A                               0.75    0.77   -0.02 (VIOLATED)
_06162_/A                               0.75    0.77   -0.02 (VIOLATED)
_06171_/A                               0.75    0.77   -0.02 (VIOLATED)
PC[19]                                  0.75    0.77   -0.02 (VIOLATED)
_06211_/A                               0.75    0.77   -0.02 (VIOLATED)
_06577_/A                               0.75    0.77   -0.02 (VIOLATED)
Instr[20]                               0.75    0.77   -0.02 (VIOLATED)
_09957_/A1                              0.75    0.76   -0.01 (VIOLATED)
ANTENNA_99/DIODE                        0.75    0.76   -0.01 (VIOLATED)
_08307_/B                               0.75    0.76   -0.01 (VIOLATED)
ANTENNA_195/DIODE                       0.75    0.76   -0.01 (VIOLATED)
_08219_/C1                              0.75    0.76   -0.01 (VIOLATED)
ANTENNA_194/DIODE                       0.75    0.76   -0.01 (VIOLATED)
_08218_/Y                               0.75    0.76   -0.01 (VIOLATED)
ReadData[8]                             0.75    0.76   -0.01 (VIOLATED)
_09741_/B1                              0.75    0.76   -0.01 (VIOLATED)
_09742_/C                               0.75    0.76   -0.01 (VIOLATED)
_09747_/A2                              0.75    0.76   -0.01 (VIOLATED)
_09749_/A1                              0.75    0.76   -0.01 (VIOLATED)
_09825_/A                               0.75    0.76   -0.01 (VIOLATED)
_09738_/A                               0.75    0.76   -0.01 (VIOLATED)
_13342_/Q                               0.75    0.76   -0.01 (VIOLATED)
_09505_/A                               0.75    0.76   -0.01 (VIOLATED)
_09504_/Y                               0.75    0.76   -0.01 (VIOLATED)

max fanout

Pin                                   Limit Fanout  Slack
---------------------------------------------------------
_06774_/X                                10     17     -7 (VIOLATED)
_06859_/X                                10     17     -7 (VIOLATED)
_06324_/X                                10     16     -6 (VIOLATED)
_06646_/X                                10     16     -6 (VIOLATED)
clkbuf_0_clk/X                           10     16     -6 (VIOLATED)
_06592_/X                                10     15     -5 (VIOLATED)
_06754_/X                                10     15     -5 (VIOLATED)
_10260_/X                                10     15     -5 (VIOLATED)
_10665_/X                                10     15     -5 (VIOLATED)
_06597_/X                                10     14     -4 (VIOLATED)
_06610_/X                                10     14     -4 (VIOLATED)
_06682_/X                                10     14     -4 (VIOLATED)
_06737_/X                                10     14     -4 (VIOLATED)
_10367_/X                                10     14     -4 (VIOLATED)
_10405_/X                                10     14     -4 (VIOLATED)
clkbuf_leaf_115_clk/X                    10     14     -4 (VIOLATED)
clkbuf_leaf_141_clk/X                    10     14     -4 (VIOLATED)
clkbuf_leaf_48_clk/X                     10     14     -4 (VIOLATED)
_06224_/X                                10     13     -3 (VIOLATED)
_06332_/X                                10     13     -3 (VIOLATED)
_06505_/X                                10     13     -3 (VIOLATED)
_06578_/X                                10     13     -3 (VIOLATED)
_06599_/X                                10     13     -3 (VIOLATED)
_06842_/X                                10     13     -3 (VIOLATED)
_07084_/X                                10     13     -3 (VIOLATED)
_07367_/X                                10     13     -3 (VIOLATED)
_09534_/Y                                10     13     -3 (VIOLATED)
_10216_/X                                10     13     -3 (VIOLATED)
_12029_/X                                10     13     -3 (VIOLATED)
clkbuf_4_9_0_clk/X                       10     13     -3 (VIOLATED)
clkbuf_leaf_114_clk/X                    10     13     -3 (VIOLATED)
clkbuf_leaf_140_clk/X                    10     13     -3 (VIOLATED)
clkbuf_leaf_142_clk/X                    10     13     -3 (VIOLATED)
clkbuf_leaf_143_clk/X                    10     13     -3 (VIOLATED)
clkbuf_leaf_34_clk/X                     10     13     -3 (VIOLATED)
clkbuf_leaf_36_clk/X                     10     13     -3 (VIOLATED)
clkbuf_leaf_52_clk/X                     10     13     -3 (VIOLATED)
ReadData[0]                              10     12     -2 (VIOLATED)
_06173_/X                                10     12     -2 (VIOLATED)
_06292_/X                                10     12     -2 (VIOLATED)
_06512_/X                                10     12     -2 (VIOLATED)
_06516_/X                                10     12     -2 (VIOLATED)
_06674_/X                                10     12     -2 (VIOLATED)
_06684_/X                                10     12     -2 (VIOLATED)
_06690_/X                                10     12     -2 (VIOLATED)
_06739_/X                                10     12     -2 (VIOLATED)
_06786_/X                                10     12     -2 (VIOLATED)
_06805_/X                                10     12     -2 (VIOLATED)
_06907_/X                                10     12     -2 (VIOLATED)
_06941_/X                                10     12     -2 (VIOLATED)
_06956_/X                                10     12     -2 (VIOLATED)
_07109_/X                                10     12     -2 (VIOLATED)
_10025_/X                                10     12     -2 (VIOLATED)
_11069_/X                                10     12     -2 (VIOLATED)
_11128_/X                                10     12     -2 (VIOLATED)
_11621_/X                                10     12     -2 (VIOLATED)
clkbuf_leaf_101_clk/X                    10     12     -2 (VIOLATED)
clkbuf_leaf_2_clk/X                      10     12     -2 (VIOLATED)
clkbuf_leaf_67_clk/X                     10     12     -2 (VIOLATED)
Instr[8]                                 10     11        (VIOLATED)
ReadData[5]                              10     11        (VIOLATED)
_06295_/X                                10     11        (VIOLATED)
_06387_/X                                10     11        (VIOLATED)
_06413_/X                                10     11        (VIOLATED)
_06499_/X                                10     11        (VIOLATED)
_06501_/X                                10     11        (VIOLATED)
_06506_/X                                10     11        (VIOLATED)
_06566_/X                                10     11        (VIOLATED)
_06571_/X                                10     11        (VIOLATED)
_06572_/X                                10     11        (VIOLATED)
_06618_/X                                10     11        (VIOLATED)
_06624_/X                                10     11        (VIOLATED)
_06637_/X                                10     11        (VIOLATED)
_06699_/X                                10     11        (VIOLATED)
_06778_/X                                10     11        (VIOLATED)
_06790_/X                                10     11        (VIOLATED)
_06823_/X                                10     11        (VIOLATED)
_06848_/X                                10     11        (VIOLATED)
_06856_/X                                10     11        (VIOLATED)
_06887_/X                                10     11        (VIOLATED)
_06932_/X                                10     11        (VIOLATED)
_06980_/X                                10     11        (VIOLATED)
_07110_/X                                10     11        (VIOLATED)
_07255_/X                                10     11        (VIOLATED)
_09915_/X                                10     11        (VIOLATED)
_10093_/X                                10     11        (VIOLATED)
_10373_/X                                10     11        (VIOLATED)
_10379_/X                                10     11        (VIOLATED)
_10780_/X                                10     11        (VIOLATED)
_11547_/X                                10     11        (VIOLATED)
_11753_/X                                10     11        (VIOLATED)
_12153_/X                                10     11        (VIOLATED)
clkbuf_4_4_0_clk/X                       10     11        (VIOLATED)
clkbuf_4_7_0_clk/X                       10     11        (VIOLATED)
clkbuf_4_8_0_clk/X                       10     11        (VIOLATED)
clkbuf_leaf_108_clk/X                    10     11        (VIOLATED)
clkbuf_leaf_113_clk/X                    10     11        (VIOLATED)
clkbuf_leaf_116_clk/X                    10     11        (VIOLATED)
clkbuf_leaf_150_clk/X                    10     11        (VIOLATED)
clkbuf_leaf_33_clk/X                     10     11        (VIOLATED)
clkbuf_leaf_37_clk/X                     10     11        (VIOLATED)
clkbuf_leaf_50_clk/X                     10     11        (VIOLATED)
clkbuf_leaf_51_clk/X                     10     11        (VIOLATED)
clkbuf_leaf_57_clk/X                     10     11        (VIOLATED)
clkbuf_leaf_71_clk/X                     10     11        (VIOLATED)

max capacitance

Pin                                    Limit     Cap   Slack
------------------------------------------------------------
_09256_/Y                               0.14    0.14   -0.00 (VIOLATED)
_07090_/Y                               0.13    0.13   -0.00 (VIOLATED)


======================= Typical Corner ===================================

max slew

Pin                                    Limit    Slew   Slack
------------------------------------------------------------
_09490_/A                               0.75    0.95   -0.20 (VIOLATED)
ANTENNA_189/DIODE                       0.75    0.95   -0.20 (VIOLATED)
DataAdr[23]                             0.75    0.94   -0.19 (VIOLATED)
_09257_/A                               0.75    0.94   -0.19 (VIOLATED)
_10052_/B                               0.75    0.94   -0.19 (VIOLATED)
_09256_/Y                               0.75    0.94   -0.19 (VIOLATED)
_07091_/B2                              0.75    0.94   -0.19 (VIOLATED)
_07092_/A                               0.75    0.94   -0.19 (VIOLATED)
_07090_/Y                               0.75    0.94   -0.19 (VIOLATED)
DataAdr[3]                              0.75    0.88   -0.13 (VIOLATED)
_09928_/A0                              0.75    0.88   -0.13 (VIOLATED)
_09442_/A                               0.75    0.88   -0.13 (VIOLATED)
_09429_/Y                               0.75    0.88   -0.13 (VIOLATED)
_07095_/A2                              0.75    0.86   -0.11 (VIOLATED)
_07038_/B                               0.75    0.86   -0.11 (VIOLATED)
_07021_/Y                               0.75    0.86   -0.11 (VIOLATED)
DataAdr[16]                             0.75    0.86   -0.11 (VIOLATED)
load_slew1/A                            0.75    0.86   -0.11 (VIOLATED)
_09413_/Y                               0.75    0.86   -0.11 (VIOLATED)
_12337_/A0                              0.75    0.83   -0.08 (VIOLATED)
_11845_/A0                              0.75    0.83   -0.08 (VIOLATED)
_10943_/A                               0.75    0.83   -0.08 (VIOLATED)
_10033_/A                               0.75    0.83   -0.08 (VIOLATED)
_11918_/A0                              0.75    0.83   -0.08 (VIOLATED)
_12271_/A0                              0.75    0.83   -0.08 (VIOLATED)
_12123_/A0                              0.75    0.83   -0.08 (VIOLATED)
_11587_/A                               0.75    0.83   -0.08 (VIOLATED)
_11154_/D_N                             0.75    0.83   -0.08 (VIOLATED)
_10263_/B                               0.75    0.83   -0.08 (VIOLATED)
_10032_/Y                               0.75    0.83   -0.08 (VIOLATED)
_09495_/A                               0.75    0.81   -0.06 (VIOLATED)
ANTENNA_196/DIODE                       0.75    0.81   -0.06 (VIOLATED)
_08724_/B2                              0.75    0.81   -0.06 (VIOLATED)
_08723_/Y                               0.75    0.81   -0.06 (VIOLATED)
_07395_/B                               0.75    0.80   -0.05 (VIOLATED)
ANTENNA_281/DIODE                       0.75    0.80   -0.05 (VIOLATED)
_07545_/B                               0.75    0.80   -0.05 (VIOLATED)
ANTENNA_282/DIODE                       0.75    0.80   -0.05 (VIOLATED)
_07393_/Y                               0.75    0.80   -0.05 (VIOLATED)
_10048_/A                               0.75    0.80   -0.05 (VIOLATED)
_10783_/A                               0.75    0.80   -0.05 (VIOLATED)
_11850_/A0                              0.75    0.80   -0.05 (VIOLATED)
_12342_/A0                              0.75    0.80   -0.05 (VIOLATED)
_12058_/A0                              0.75    0.80   -0.05 (VIOLATED)
_11923_/A0                              0.75    0.80   -0.05 (VIOLATED)
_11992_/A0                              0.75    0.80   -0.05 (VIOLATED)
_12127_/A0                              0.75    0.80   -0.05 (VIOLATED)
_11591_/A                               0.75    0.80   -0.05 (VIOLATED)
_10565_/C1                              0.75    0.80   -0.05 (VIOLATED)
_10047_/Y                               0.75    0.80   -0.05 (VIOLATED)
DataAdr[9]                              0.75    0.79   -0.04 (VIOLATED)
_09962_/A0                              0.75    0.79   -0.04 (VIOLATED)
_09453_/C                               0.75    0.79   -0.04 (VIOLATED)
_09419_/Y                               0.75    0.79   -0.04 (VIOLATED)
DataAdr[18]                             0.75    0.79   -0.04 (VIOLATED)
_09378_/A                               0.75    0.79   -0.04 (VIOLATED)
_10017_/A0                              0.75    0.79   -0.04 (VIOLATED)
_09377_/Y                               0.75    0.79   -0.04 (VIOLATED)
_09496_/A                               0.75    0.76   -0.01 (VIOLATED)
_08533_/A1                              0.75    0.76   -0.01 (VIOLATED)
_08534_/A1                              0.75    0.76   -0.01 (VIOLATED)
_08532_/Y                               0.75    0.76   -0.01 (VIOLATED)
ANTENNA_75/DIODE                        0.75    0.75   -0.00 (VIOLATED)
ANTENNA_73/DIODE                        0.75    0.75   -0.00 (VIOLATED)
ANTENNA_71/DIODE                        0.75    0.75   -0.00 (VIOLATED)
_10058_/A1                              0.75    0.75   -0.00 (VIOLATED)
ANTENNA_70/DIODE                        0.75    0.75   -0.00 (VIOLATED)
ANTENNA_72/DIODE                        0.75    0.75   -0.00 (VIOLATED)
ANTENNA_74/DIODE                        0.75    0.75   -0.00 (VIOLATED)
ANTENNA_77/DIODE                        0.75    0.75   -0.00 (VIOLATED)
ANTENNA_76/DIODE                        0.75    0.75   -0.00 (VIOLATED)
ReadData[24]                            0.75    0.75   -0.00 (VIOLATED)

max fanout

Pin                                   Limit Fanout  Slack
---------------------------------------------------------
_06774_/X                                10     17     -7 (VIOLATED)
_06859_/X                                10     17     -7 (VIOLATED)
_06324_/X                                10     16     -6 (VIOLATED)
_06646_/X                                10     16     -6 (VIOLATED)
clkbuf_0_clk/X                           10     16     -6 (VIOLATED)
_06592_/X                                10     15     -5 (VIOLATED)
_06754_/X                                10     15     -5 (VIOLATED)
_10260_/X                                10     15     -5 (VIOLATED)
_10665_/X                                10     15     -5 (VIOLATED)
_06597_/X                                10     14     -4 (VIOLATED)
_06610_/X                                10     14     -4 (VIOLATED)
_06682_/X                                10     14     -4 (VIOLATED)
_06737_/X                                10     14     -4 (VIOLATED)
_10367_/X                                10     14     -4 (VIOLATED)
_10405_/X                                10     14     -4 (VIOLATED)
clkbuf_leaf_115_clk/X                    10     14     -4 (VIOLATED)
clkbuf_leaf_141_clk/X                    10     14     -4 (VIOLATED)
clkbuf_leaf_48_clk/X                     10     14     -4 (VIOLATED)
_06224_/X                                10     13     -3 (VIOLATED)
_06332_/X                                10     13     -3 (VIOLATED)
_06505_/X                                10     13     -3 (VIOLATED)
_06578_/X                                10     13     -3 (VIOLATED)
_06599_/X                                10     13     -3 (VIOLATED)
_06842_/X                                10     13     -3 (VIOLATED)
_07084_/X                                10     13     -3 (VIOLATED)
_07367_/X                                10     13     -3 (VIOLATED)
_09534_/Y                                10     13     -3 (VIOLATED)
_10216_/X                                10     13     -3 (VIOLATED)
_12029_/X                                10     13     -3 (VIOLATED)
clkbuf_4_9_0_clk/X                       10     13     -3 (VIOLATED)
clkbuf_leaf_114_clk/X                    10     13     -3 (VIOLATED)
clkbuf_leaf_140_clk/X                    10     13     -3 (VIOLATED)
clkbuf_leaf_142_clk/X                    10     13     -3 (VIOLATED)
clkbuf_leaf_143_clk/X                    10     13     -3 (VIOLATED)
clkbuf_leaf_34_clk/X                     10     13     -3 (VIOLATED)
clkbuf_leaf_36_clk/X                     10     13     -3 (VIOLATED)
clkbuf_leaf_52_clk/X                     10     13     -3 (VIOLATED)
ReadData[0]                              10     12     -2 (VIOLATED)
_06173_/X                                10     12     -2 (VIOLATED)
_06292_/X                                10     12     -2 (VIOLATED)
_06512_/X                                10     12     -2 (VIOLATED)
_06516_/X                                10     12     -2 (VIOLATED)
_06674_/X                                10     12     -2 (VIOLATED)
_06684_/X                                10     12     -2 (VIOLATED)
_06690_/X                                10     12     -2 (VIOLATED)
_06739_/X                                10     12     -2 (VIOLATED)
_06786_/X                                10     12     -2 (VIOLATED)
_06805_/X                                10     12     -2 (VIOLATED)
_06907_/X                                10     12     -2 (VIOLATED)
_06941_/X                                10     12     -2 (VIOLATED)
_06956_/X                                10     12     -2 (VIOLATED)
_07109_/X                                10     12     -2 (VIOLATED)
_10025_/X                                10     12     -2 (VIOLATED)
_11069_/X                                10     12     -2 (VIOLATED)
_11128_/X                                10     12     -2 (VIOLATED)
_11621_/X                                10     12     -2 (VIOLATED)
clkbuf_leaf_101_clk/X                    10     12     -2 (VIOLATED)
clkbuf_leaf_2_clk/X                      10     12     -2 (VIOLATED)
clkbuf_leaf_67_clk/X                     10     12     -2 (VIOLATED)
Instr[8]                                 10     11        (VIOLATED)
ReadData[5]                              10     11        (VIOLATED)
_06295_/X                                10     11        (VIOLATED)
_06387_/X                                10     11        (VIOLATED)
_06413_/X                                10     11        (VIOLATED)
_06499_/X                                10     11        (VIOLATED)
_06501_/X                                10     11        (VIOLATED)
_06506_/X                                10     11        (VIOLATED)
_06566_/X                                10     11        (VIOLATED)
_06571_/X                                10     11        (VIOLATED)
_06572_/X                                10     11        (VIOLATED)
_06618_/X                                10     11        (VIOLATED)
_06624_/X                                10     11        (VIOLATED)
_06637_/X                                10     11        (VIOLATED)
_06699_/X                                10     11        (VIOLATED)
_06778_/X                                10     11        (VIOLATED)
_06790_/X                                10     11        (VIOLATED)
_06823_/X                                10     11        (VIOLATED)
_06848_/X                                10     11        (VIOLATED)
_06856_/X                                10     11        (VIOLATED)
_06887_/X                                10     11        (VIOLATED)
_06932_/X                                10     11        (VIOLATED)
_06980_/X                                10     11        (VIOLATED)
_07110_/X                                10     11        (VIOLATED)
_07255_/X                                10     11        (VIOLATED)
_09915_/X                                10     11        (VIOLATED)
_10093_/X                                10     11        (VIOLATED)
_10373_/X                                10     11        (VIOLATED)
_10379_/X                                10     11        (VIOLATED)
_10780_/X                                10     11        (VIOLATED)
_11547_/X                                10     11        (VIOLATED)
_11753_/X                                10     11        (VIOLATED)
_12153_/X                                10     11        (VIOLATED)
clkbuf_4_4_0_clk/X                       10     11        (VIOLATED)
clkbuf_4_7_0_clk/X                       10     11        (VIOLATED)
clkbuf_4_8_0_clk/X                       10     11        (VIOLATED)
clkbuf_leaf_108_clk/X                    10     11        (VIOLATED)
clkbuf_leaf_113_clk/X                    10     11        (VIOLATED)
clkbuf_leaf_116_clk/X                    10     11        (VIOLATED)
clkbuf_leaf_150_clk/X                    10     11        (VIOLATED)
clkbuf_leaf_33_clk/X                     10     11        (VIOLATED)
clkbuf_leaf_37_clk/X                     10     11        (VIOLATED)
clkbuf_leaf_50_clk/X                     10     11        (VIOLATED)
clkbuf_leaf_51_clk/X                     10     11        (VIOLATED)
clkbuf_leaf_57_clk/X                     10     11        (VIOLATED)
clkbuf_leaf_71_clk/X                     10     11        (VIOLATED)



===========================================================================
report_parasitic_annotation -report_unannotated
============================================================================
Found 0 unannotated drivers.
Found 0 partially unannotated drivers.

===========================================================================
max slew violation count 368
max fanout violation count 105
max cap violation count 2
============================================================================

===========================================================================
check_setup -verbose -unconstrained_endpoints -multiple_clock -no_clock -no_input_delay -loops -generated_clocks
===========================================================================
