
===========================================================================
 report_power
============================================================================
======================= Fastest Corner ===================================

Group                  Internal  Switching    Leakage      Total
                          Power      Power      Power      Power (Watts)
----------------------------------------------------------------
Sequential             2.92e-03   6.26e-04   1.83e-07   3.54e-03  34.7%
Combinational          3.18e-03   3.50e-03   9.38e-08   6.67e-03  65.3%
Macro                  0.00e+00   0.00e+00   0.00e+00   0.00e+00   0.0%
Pad                    0.00e+00   0.00e+00   0.00e+00   0.00e+00   0.0%
----------------------------------------------------------------
Total                  6.10e-03   4.12e-03   2.77e-07   1.02e-02 100.0%
                          59.7%      40.3%       0.0%

======================= Slowest Corner ===================================

Group                  Internal  Switching    Leakage      Total
                          Power      Power      Power      Power (Watts)
----------------------------------------------------------------
Sequential             1.97e-03   4.11e-04   1.57e-05   2.40e-03  34.3%
Combinational          2.26e-03   2.31e-03   3.93e-05   4.60e-03  65.7%
Macro                  0.00e+00   0.00e+00   0.00e+00   0.00e+00   0.0%
Pad                    0.00e+00   0.00e+00   0.00e+00   0.00e+00   0.0%
----------------------------------------------------------------
Total                  4.23e-03   2.72e-03   5.50e-05   7.01e-03 100.0%
                          60.4%      38.8%       0.8%

======================= Typical Corner ===================================

Group                  Internal  Switching    Leakage      Total
                          Power      Power      Power      Power (Watts)
----------------------------------------------------------------
Sequential             2.52e-03   5.27e-04   1.77e-07   3.05e-03  34.7%
Combinational          2.80e-03   2.95e-03   4.62e-08   5.75e-03  65.3%
Macro                  0.00e+00   0.00e+00   0.00e+00   0.00e+00   0.0%
Pad                    0.00e+00   0.00e+00   0.00e+00   0.00e+00   0.0%
----------------------------------------------------------------
Total                  5.32e-03   3.48e-03   2.23e-07   8.80e-03 100.0%
                          60.5%      39.5%       0.0%

